2026-04-10 06:04:55,010 - Orchestrator - INFO - Loaded cached disk I/O limit for clnode218.clemson.cloudlab.us: 146.0 MB/s
2026-04-10 06:04:55,010 - Orchestrator - INFO - Fetched actual maximum bounds from clnode218.clemson.cloudlab.us: 64 Cores, 376.6 GB RAM, 1250.0 MB/s Net
2026-04-10 06:04:55,010 - Orchestrator - INFO - Preprocessing traces and converting to rates of change...
2026-04-10 06:05:15,176 - Orchestrator - INFO - Pass 1: Computing absolute structural (x - min) / (max - min) global boundaries...
2026-04-10 06:05:24,943 - Orchestrator - WARNING - Feature 'read_bytes' is missing from the dataset. Proceeding without it.
2026-04-10 06:05:24,943 - Orchestrator - WARNING - Feature 'write_bytes' is missing from the dataset. Proceeding without it.
2026-04-10 06:05:24,943 - Orchestrator - WARNING - Feature 'jobs_waiting_count' is missing from the dataset. Proceeding without it.
2026-04-10 06:05:24,944 - Orchestrator - WARNING - Feature 'unique_jobs_waiting' is missing from the dataset. Proceeding without it.
2026-04-10 06:05:24,944 - Orchestrator - WARNING - Feature 'thread_queue_length' is missing from the dataset. Proceeding without it.
2026-04-10 06:05:24,944 - Orchestrator - WARNING - Feature 'active_connections' is missing from the dataset. Proceeding without it.
2026-04-10 06:05:40,769 - Orchestrator - INFO - Successfully processed 33 offline execution samples.
2026-04-10 06:05:43,635 - Orchestrator - INFO - Initialized Dataset with 39131 samples across 33 experiment configurations.
2026-04-10 06:05:43,639 - Orchestrator - INFO - Bypassing training phase. Loading latest pretrained model.
2026-04-10 06:05:43,644 - Orchestrator - INFO - Evaluating node limit constraint vectors (E_N_max)...
2026-04-10 06:05:43,652 - Orchestrator - INFO - Initializing mandatory empirical calibration for Gradient Router threshold...
2026-04-10 06:05:43,842 - Orchestrator - INFO - Removing all active stress injections on clnode199.clemson.cloudlab.us...
2026-04-10 06:05:43,842 - Orchestrator - INFO - Removing Network Delay on clnode199.clemson.cloudlab.us...
2026-04-10 06:05:44,782 - Orchestrator - INFO - Cleaning sysbench files on clnode199.clemson.cloudlab.us...
2026-04-10 06:05:45,836 - Orchestrator - INFO - === Starting Empirical Calibration on Ingress Node: clnode199.clemson.cloudlab.us (Index: 4) ===
2026-04-10 06:05:45,837 - Orchestrator - INFO - Removing all active stress injections on clnode199.clemson.cloudlab.us...
2026-04-10 06:05:45,837 - Orchestrator - INFO - Removing Network Delay on clnode199.clemson.cloudlab.us...
2026-04-10 06:05:46,296 - Orchestrator - INFO - Cleaning sysbench files on clnode199.clemson.cloudlab.us...
2026-04-10 06:05:47,263 - Orchestrator - INFO - [Baseline] Measuring initial state...
2026-04-10 06:07:30,786 - Orchestrator - INFO - Baseline: Latency=41.92ms, L1=0.00
2026-04-10 06:07:30,787 - Orchestrator - INFO - Removing all active stress injections on clnode199.clemson.cloudlab.us...
2026-04-10 06:07:30,787 - Orchestrator - INFO - Removing Network Delay on clnode199.clemson.cloudlab.us...
2026-04-10 06:07:31,260 - Orchestrator - INFO - Cleaning sysbench files on clnode199.clemson.cloudlab.us...
2026-04-10 06:07:42,228 - Orchestrator - INFO - [CPU] Injecting stress...
2026-04-10 06:07:42,228 - Orchestrator - INFO - Checking & installing anomaly tool dependencies on clnode199.clemson.cloudlab.us...
2026-04-10 06:07:46,993 - Orchestrator - INFO - Injecting Extreme CPU Stress on clnode199.clemson.cloudlab.us for 60s...
2026-04-10 06:10:01,166 - Orchestrator - INFO - Removing all active stress injections on clnode199.clemson.cloudlab.us...
2026-04-10 06:10:01,167 - Orchestrator - INFO - Removing Network Delay on clnode199.clemson.cloudlab.us...
2026-04-10 06:10:01,590 - Orchestrator - INFO - Cleaning sysbench files on clnode199.clemson.cloudlab.us...
2026-04-10 06:10:32,539 - Orchestrator - INFO -   --> CPU: Latency=42.62ms (1.02x), L1=0.00
2026-04-10 06:10:32,539 - Orchestrator - INFO - [Memory] Injecting stress...
2026-04-10 06:10:32,539 - Orchestrator - INFO - Injecting Extreme Memory Stress on clnode199.clemson.cloudlab.us for 60s...
