2026-04-01 20:06:09,053 - Orchestrator - INFO - Loaded cached disk I/O limit for clnode218.clemson.cloudlab.us: 146.0 MB/s
2026-04-01 20:06:09,053 - Orchestrator - INFO - Fetched actual maximum bounds from clnode218.clemson.cloudlab.us: 64 Cores, 376.6 GB RAM, 1250.0 MB/s Net
2026-04-01 20:06:09,054 - Orchestrator - INFO - === Phase 1: Data Collection & Anomalies ===
2026-04-01 20:06:09,054 - Orchestrator - INFO - Scheduling metrics initialized.
2026-04-01 20:06:09,054 - Orchestrator - INFO - Preprocessing traces and converting to rates of change...
2026-04-01 20:06:29,212 - Orchestrator - INFO - Pass 1: Computing absolute structural (x - min) / (max - min) global boundaries...
2026-04-01 20:06:39,054 - Orchestrator - WARNING - Feature 'read_bytes' is missing from the dataset. Proceeding without it.
2026-04-01 20:06:39,054 - Orchestrator - WARNING - Feature 'write_bytes' is missing from the dataset. Proceeding without it.
2026-04-01 20:06:39,055 - Orchestrator - WARNING - Feature 'jobs_waiting_count' is missing from the dataset. Proceeding without it.
2026-04-01 20:06:39,055 - Orchestrator - WARNING - Feature 'unique_jobs_waiting' is missing from the dataset. Proceeding without it.
2026-04-01 20:06:39,055 - Orchestrator - WARNING - Feature 'thread_queue_length' is missing from the dataset. Proceeding without it.
2026-04-01 20:06:39,055 - Orchestrator - WARNING - Feature 'active_connections' is missing from the dataset. Proceeding without it.
2026-04-01 20:06:54,780 - Orchestrator - INFO - Successfully processed 33 offline execution samples.
2026-04-01 20:06:57,619 - Orchestrator - INFO - Initialized Dataset with 39131 samples across 33 experiment configurations.
2026-04-01 20:06:57,620 - Orchestrator - INFO - === Phase 2: Training Additive Autoencoder & Mega Loss ===
2026-04-01 20:06:58,921 - Orchestrator - INFO - Starting Offline Training for Additive Autoencoder. Alpha=1.0, Beta=1.0
2026-04-01 20:14:01,590 - Orchestrator - INFO - Epoch [1/2] - Loss: 0.0008 (Ind: 0.0002, Add: 0.0006)
2026-04-01 20:21:08,799 - Orchestrator - INFO - Training Complete. Best Mega Loss: 0.0003. Model saved to /users/mkraman/DeathStarBench-LDOS/ldos-app-embeddings/results/checkpoints/model_20260401_200606.pth
2026-04-01 20:21:08,804 - Orchestrator - INFO - Evaluating node limit constraint vectors (E_N_max)...
2026-04-01 20:21:08,808 - Orchestrator - INFO - === Beginning Phase 3-6 continuous online evaluation for 180s ===
2026-04-01 20:21:13,873 - Orchestrator - INFO - Dynamic Workload Thread: Stressing cluster with 500 RPS for 60s
2026-04-01 20:21:13,873 - Orchestrator - INFO - Background Loop parked waiting for cluster latency stabilization (<100ms)...
2026-04-01 20:21:13,874 - Orchestrator - INFO - Waiting for tracking metrics stabilization before launching Robustness Injection...
2026-04-01 20:21:18,874 - Orchestrator - INFO - Background Loop parked waiting for cluster latency stabilization (<100ms)...
2026-04-01 20:21:23,875 - Orchestrator - INFO - Background Loop parked waiting for cluster latency stabilization (<100ms)...
2026-04-01 20:21:28,875 - Orchestrator - INFO - Background Loop parked waiting for cluster latency stabilization (<100ms)...
2026-04-01 20:21:33,875 - Orchestrator - INFO - Background Loop parked waiting for cluster latency stabilization (<100ms)...
2026-04-01 20:21:38,876 - Orchestrator - INFO - Background Loop parked waiting for cluster latency stabilization (<100ms)...
2026-04-01 20:21:43,876 - Orchestrator - INFO - Background Loop parked waiting for cluster latency stabilization (<100ms)...
2026-04-01 20:21:48,877 - Orchestrator - INFO - Background Loop parked waiting for cluster latency stabilization (<100ms)...
2026-04-01 20:21:53,877 - Orchestrator - INFO - Background Loop parked waiting for cluster latency stabilization (<100ms)...
2026-04-01 20:21:58,878 - Orchestrator - INFO - Background Loop parked waiting for cluster latency stabilization (<100ms)...
2026-04-01 20:22:03,878 - Orchestrator - INFO - Background Loop parked waiting for cluster latency stabilization (<100ms)...
2026-04-01 20:22:08,879 - Orchestrator - INFO - Background Loop parked waiting for cluster latency stabilization (<100ms)...
2026-04-01 20:22:13,879 - Orchestrator - INFO - Background Loop parked waiting for cluster latency stabilization (<100ms)...
2026-04-01 20:22:18,880 - Orchestrator - INFO - Background Loop parked waiting for cluster latency stabilization (<100ms)...
2026-04-01 20:22:23,880 - Orchestrator - INFO - Background Loop parked waiting for cluster latency stabilization (<100ms)...
2026-04-01 20:22:23,892 - Orchestrator - INFO - Global latest_p99_latency naturally updated to: 20.67ms | Container: [20.67]
2026-04-01 20:22:23,892 - Orchestrator - INFO - Dynamic Workload Thread: Stressing cluster with 500 RPS for 60s
2026-04-01 20:22:28,876 - Orchestrator - INFO - Proceeding to Robustness Target Injection Evaluation...
2026-04-01 20:22:28,876 - Orchestrator - INFO - === Starting Robustness Evaluation ===
2026-04-01 20:22:28,877 - Orchestrator - INFO - --- Testing CPU Anomaly Target on clnode218.clemson.cloudlab.us ---
2026-04-01 20:22:28,877 - Orchestrator - INFO - Waiting 2 minutes for stabilization...
2026-04-01 20:22:28,880 - Orchestrator - INFO - --- Logical Loop Execution Step: 0 ---
2026-04-01 20:23:33,912 - Orchestrator - INFO - Global latest_p99_latency naturally updated to: 21.02ms | Container: [20.67, 21.02]
2026-04-01 20:23:33,912 - Orchestrator - INFO - Dynamic Workload Thread: Stressing cluster with 500 RPS for 60s
2026-04-01 20:24:28,877 - Orchestrator - INFO - Baseline P99 Latency Recorded: 21.02ms
2026-04-01 20:24:28,877 - Orchestrator - INFO - Checking & installing anomaly tool dependencies on clnode218.clemson.cloudlab.us...
2026-04-01 20:24:43,935 - Orchestrator - INFO - Global latest_p99_latency naturally updated to: 22.77ms | Container: [20.67, 21.02, 22.77]
2026-04-01 20:26:13,262 - Orchestrator - INFO - Injecting CPU Stress on clnode218.clemson.cloudlab.us for 120s...
2026-04-01 20:26:13,263 - Orchestrator - INFO - Anomaly injected. Waiting for latency to spike > 2.0x baseline...
2026-04-01 20:29:13,267 - Orchestrator - ERROR - FAIL: Anomaly CPU failed to produce sufficient latency spike (>2.0x) after 3 minutes.
2026-04-01 20:29:13,268 - Orchestrator - INFO - Robustness evaluations saved to /users/mkraman/DeathStarBench-LDOS/ldos-app-embeddings/results/evaluations/robustness_20260401_200606.json
2026-04-01 20:29:13,268 - Orchestrator - INFO - Removing all active stress injections on clnode218.clemson.cloudlab.us...
2026-04-01 20:29:13,269 - Orchestrator - INFO - Removing Network Delay on clnode218.clemson.cloudlab.us eth0...
2026-04-01 20:29:14,186 - Orchestrator - INFO - Cleaning sysbench files on clnode218.clemson.cloudlab.us...
2026-04-01 20:30:15,139 - Orchestrator - INFO - --- Testing Memory Anomaly Target on clnode198.clemson.cloudlab.us ---
2026-04-01 20:30:15,140 - Orchestrator - INFO - Waiting 2 minutes for stabilization...
