2026-04-10 06:33:19,054 - Orchestrator - INFO - Loaded cached disk I/O limit for clnode218.clemson.cloudlab.us: 146.0 MB/s
2026-04-10 06:33:19,054 - Orchestrator - INFO - Fetched actual maximum bounds from clnode218.clemson.cloudlab.us: 64 Cores, 376.6 GB RAM, 1250.0 MB/s Net
2026-04-10 06:33:19,054 - Orchestrator - INFO - Preprocessing traces and converting to rates of change...
2026-04-10 06:33:39,204 - Orchestrator - INFO - Pass 1: Computing absolute structural (x - min) / (max - min) global boundaries...
2026-04-10 06:33:49,099 - Orchestrator - WARNING - Feature 'read_bytes' is missing from the dataset. Proceeding without it.
2026-04-10 06:33:49,099 - Orchestrator - WARNING - Feature 'write_bytes' is missing from the dataset. Proceeding without it.
2026-04-10 06:33:49,099 - Orchestrator - WARNING - Feature 'jobs_waiting_count' is missing from the dataset. Proceeding without it.
2026-04-10 06:33:49,099 - Orchestrator - WARNING - Feature 'unique_jobs_waiting' is missing from the dataset. Proceeding without it.
2026-04-10 06:33:49,099 - Orchestrator - WARNING - Feature 'thread_queue_length' is missing from the dataset. Proceeding without it.
2026-04-10 06:33:49,099 - Orchestrator - WARNING - Feature 'active_connections' is missing from the dataset. Proceeding without it.
2026-04-10 06:34:04,996 - Orchestrator - INFO - Successfully processed 33 offline execution samples.
2026-04-10 06:34:08,304 - Orchestrator - INFO - Initialized Dataset with 39131 samples across 33 experiment configurations.
2026-04-10 06:34:08,307 - Orchestrator - INFO - Bypassing training phase. Loading latest pretrained model.
2026-04-10 06:34:08,312 - Orchestrator - INFO - Evaluating node limit constraint vectors (E_N_max)...
2026-04-10 06:34:08,321 - Orchestrator - INFO - Initializing mandatory empirical calibration for Gradient Router threshold...
2026-04-10 06:34:08,448 - Orchestrator - INFO - Removing all active stress injections on clnode199.clemson.cloudlab.us...
2026-04-10 06:34:08,449 - Orchestrator - INFO - Removing Network Delay on clnode199.clemson.cloudlab.us...
2026-04-10 06:34:09,359 - Orchestrator - INFO - Cleaning sysbench files on clnode199.clemson.cloudlab.us...
2026-04-10 06:34:10,488 - Orchestrator - INFO - Dynamic Targeting: Identified Heaviest Node clnode215.clemson.cloudlab.us with 7 pods.
2026-04-10 06:34:10,488 - Orchestrator - INFO - === Starting Empirical Calibration on Ingress Node: clnode215.clemson.cloudlab.us (Index: 3) ===
2026-04-10 06:34:10,488 - Orchestrator - INFO - Removing all active stress injections on clnode215.clemson.cloudlab.us...
2026-04-10 06:34:10,488 - Orchestrator - INFO - Removing Network Delay on clnode215.clemson.cloudlab.us...
2026-04-10 06:34:11,394 - Orchestrator - INFO - Cleaning sysbench files on clnode215.clemson.cloudlab.us...
2026-04-10 06:34:12,343 - Orchestrator - INFO - [Baseline] Measuring initial state...
2026-04-10 06:35:45,409 - Orchestrator - INFO - Baseline: Latency=64.03ms, L1=0.00
2026-04-10 06:35:45,409 - Orchestrator - INFO - Removing all active stress injections on clnode215.clemson.cloudlab.us...
2026-04-10 06:35:45,409 - Orchestrator - INFO - Removing Network Delay on clnode215.clemson.cloudlab.us...
2026-04-10 06:35:45,858 - Orchestrator - INFO - Cleaning sysbench files on clnode215.clemson.cloudlab.us...
