2026-04-01 17:06:29,929 - Orchestrator - INFO - Loaded cached disk I/O limit for clnode218.clemson.cloudlab.us: 146.0 MB/s
2026-04-01 17:06:29,929 - Orchestrator - INFO - Fetched actual maximum bounds from clnode218.clemson.cloudlab.us: 64 Cores, 376.6 GB RAM, 1250.0 MB/s Net
2026-04-01 17:06:29,930 - Orchestrator - INFO - === Phase 1: Data Collection & Anomalies ===
2026-04-01 17:06:29,930 - Orchestrator - INFO - Scheduling metrics initialized.
2026-04-01 17:06:29,930 - Orchestrator - INFO - Preprocessing traces and converting to rates of change...
2026-04-01 17:06:50,162 - Orchestrator - INFO - Pass 1: Computing absolute structural (x - min) / (max - min) global boundaries...
2026-04-01 17:06:59,987 - Orchestrator - WARNING - Feature 'read_bytes' is missing from the dataset. Proceeding without it.
2026-04-01 17:06:59,987 - Orchestrator - WARNING - Feature 'write_bytes' is missing from the dataset. Proceeding without it.
2026-04-01 17:06:59,987 - Orchestrator - WARNING - Feature 'jobs_waiting_count' is missing from the dataset. Proceeding without it.
2026-04-01 17:06:59,988 - Orchestrator - WARNING - Feature 'unique_jobs_waiting' is missing from the dataset. Proceeding without it.
2026-04-01 17:06:59,988 - Orchestrator - WARNING - Feature 'thread_queue_length' is missing from the dataset. Proceeding without it.
2026-04-01 17:06:59,988 - Orchestrator - WARNING - Feature 'active_connections' is missing from the dataset. Proceeding without it.
2026-04-01 17:07:15,776 - Orchestrator - INFO - Successfully processed 33 offline execution samples.
2026-04-01 17:07:19,077 - Orchestrator - INFO - Initialized Dataset with 39131 samples across 33 experiment configurations.
2026-04-01 17:07:19,077 - Orchestrator - INFO - === Phase 2: Training Additive Autoencoder & Mega Loss ===
2026-04-01 17:07:20,382 - Orchestrator - INFO - Starting Offline Training for Additive Autoencoder. Alpha=1.0, Beta=1.0
2026-04-01 17:15:02,585 - Orchestrator - INFO - Epoch [1/2] - Loss: 0.0022 (Ind: 0.0004, Add: 0.0018)
2026-04-01 17:22:18,350 - Orchestrator - INFO - Training Complete. Best Mega Loss: 0.0009. Model saved to /users/mkraman/DeathStarBench-LDOS/ldos-app-embeddings/results/checkpoints/model_20260401_170627.pth
2026-04-01 17:22:18,355 - Orchestrator - INFO - Evaluating node limit constraint vectors (E_N_max)...
2026-04-01 17:22:18,360 - Orchestrator - INFO - === Beginning Phase 3-6 continuous online evaluation for 300s ===
2026-04-01 17:22:23,324 - Orchestrator - INFO - Dynamic Workload Thread: Stressing cluster with 500 RPS for 60s
2026-04-01 17:22:23,324 - Orchestrator - INFO - Background Loop parked waiting for cluster latency stabilization (<100ms)...
2026-04-01 17:22:23,325 - Orchestrator - INFO - Waiting for tracking metrics stabilization before launching Robustness Injection...
2026-04-01 17:22:28,325 - Orchestrator - INFO - Background Loop parked waiting for cluster latency stabilization (<100ms)...
2026-04-01 17:22:33,326 - Orchestrator - INFO - Background Loop parked waiting for cluster latency stabilization (<100ms)...
2026-04-01 17:22:38,326 - Orchestrator - INFO - Background Loop parked waiting for cluster latency stabilization (<100ms)...
2026-04-01 17:22:43,327 - Orchestrator - INFO - Background Loop parked waiting for cluster latency stabilization (<100ms)...
2026-04-01 17:22:48,327 - Orchestrator - INFO - Background Loop parked waiting for cluster latency stabilization (<100ms)...
2026-04-01 17:22:53,327 - Orchestrator - INFO - Background Loop parked waiting for cluster latency stabilization (<100ms)...
2026-04-01 17:22:58,328 - Orchestrator - INFO - Background Loop parked waiting for cluster latency stabilization (<100ms)...
2026-04-01 17:23:03,328 - Orchestrator - INFO - Background Loop parked waiting for cluster latency stabilization (<100ms)...
2026-04-01 17:23:08,329 - Orchestrator - INFO - Background Loop parked waiting for cluster latency stabilization (<100ms)...
2026-04-01 17:23:13,329 - Orchestrator - INFO - Background Loop parked waiting for cluster latency stabilization (<100ms)...
2026-04-01 17:23:18,330 - Orchestrator - INFO - Background Loop parked waiting for cluster latency stabilization (<100ms)...
2026-04-01 17:23:23,330 - Orchestrator - INFO - Background Loop parked waiting for cluster latency stabilization (<100ms)...
2026-04-01 17:23:28,331 - Orchestrator - INFO - Background Loop parked waiting for cluster latency stabilization (<100ms)...
2026-04-01 17:23:33,331 - Orchestrator - INFO - Background Loop parked waiting for cluster latency stabilization (<100ms)...
2026-04-01 17:23:33,344 - Orchestrator - INFO - Global latest_p99_latency naturally updated to: 31.04ms
2026-04-01 17:23:33,344 - Orchestrator - INFO - Dynamic Workload Thread: Stressing cluster with 500 RPS for 60s
2026-04-01 17:23:38,327 - Orchestrator - INFO - Proceeding to Robustness Target Injection Evaluation...
2026-04-01 17:23:38,327 - Orchestrator - INFO - === Starting Robustness Evaluation ===
2026-04-01 17:23:38,327 - Orchestrator - INFO - --- Testing CPU Anomaly Target on clnode218.clemson.cloudlab.us ---
2026-04-01 17:23:38,328 - Orchestrator - INFO - Waiting 2 minutes for stabilization...
2026-04-01 17:23:38,331 - Orchestrator - INFO - --- Logical Loop Execution Step: 0 ---
2026-04-01 17:24:43,367 - Orchestrator - INFO - Global latest_p99_latency naturally updated to: 30.93ms
2026-04-01 17:24:43,367 - Orchestrator - INFO - Dynamic Workload Thread: Stressing cluster with 500 RPS for 60s
2026-04-01 17:25:38,328 - Orchestrator - INFO - Baseline P99 Latency Recorded: 30.93ms
2026-04-01 17:25:38,329 - Orchestrator - INFO - Injecting CPU Stress on clnode218.clemson.cloudlab.us for 120s...
2026-04-01 17:25:38,330 - Orchestrator - INFO - Anomaly injected. Waiting for latency to spike > 2.5x baseline...
2026-04-01 17:25:53,386 - Orchestrator - INFO - Global latest_p99_latency naturally updated to: 32.65ms
2026-04-01 17:25:53,387 - Orchestrator - INFO - Dynamic Workload Thread: Stressing cluster with 500 RPS for 60s
2026-04-01 17:27:03,411 - Orchestrator - INFO - Global latest_p99_latency naturally updated to: 33.60ms
2026-04-01 17:27:03,412 - Orchestrator - INFO - Dynamic Workload Thread: Stressing cluster with 500 RPS for 60s
2026-04-01 17:28:13,433 - Orchestrator - INFO - Global latest_p99_latency naturally updated to: 33.57ms
2026-04-01 17:28:38,334 - Orchestrator - ERROR - FAIL: Anomaly CPU failed to produce sufficient latency spike (>2.5x) after 3 minutes.
2026-04-01 17:28:38,335 - Orchestrator - INFO - Robustness evaluations saved to /users/mkraman/DeathStarBench-LDOS/ldos-app-embeddings/results/evaluations/robustness_20260401_170627.json
2026-04-01 17:28:38,336 - Orchestrator - INFO - Removing all active stress injections on clnode218.clemson.cloudlab.us...
2026-04-01 17:28:38,336 - Orchestrator - INFO - Removing Network Delay on clnode218.clemson.cloudlab.us eth0...
2026-04-01 17:28:39,249 - Orchestrator - INFO - Cleaning sysbench files on clnode218.clemson.cloudlab.us...
2026-04-01 17:29:40,202 - Orchestrator - INFO - --- Testing Memory Anomaly Target on clnode198.clemson.cloudlab.us ---
2026-04-01 17:29:40,202 - Orchestrator - INFO - Waiting 2 minutes for stabilization...
2026-04-01 17:31:40,202 - Orchestrator - INFO - Baseline P99 Latency Recorded: 33.57ms
2026-04-01 17:31:40,203 - Orchestrator - INFO - Injecting Memory Stress on clnode198.clemson.cloudlab.us for 120s...
2026-04-01 17:31:40,204 - Orchestrator - INFO - Anomaly injected. Waiting for latency to spike > 2.5x baseline...
2026-04-01 17:34:40,208 - Orchestrator - ERROR - FAIL: Anomaly Memory failed to produce sufficient latency spike (>2.5x) after 3 minutes.
2026-04-01 17:34:40,209 - Orchestrator - INFO - Robustness evaluations saved to /users/mkraman/DeathStarBench-LDOS/ldos-app-embeddings/results/evaluations/robustness_20260401_170627.json
2026-04-01 17:34:40,209 - Orchestrator - INFO - Removing all active stress injections on clnode198.clemson.cloudlab.us...
2026-04-01 17:34:40,209 - Orchestrator - INFO - Removing Network Delay on clnode198.clemson.cloudlab.us eth0...
2026-04-01 17:34:41,086 - Orchestrator - INFO - Cleaning sysbench files on clnode198.clemson.cloudlab.us...
2026-04-01 17:35:41,971 - Orchestrator - INFO - --- Testing Network Anomaly Target on clnode216.clemson.cloudlab.us ---
2026-04-01 17:35:41,972 - Orchestrator - INFO - Waiting 2 minutes for stabilization...
2026-04-01 17:37:41,972 - Orchestrator - INFO - Baseline P99 Latency Recorded: 33.57ms
2026-04-01 17:37:41,973 - Orchestrator - INFO - Injecting 200ms Network Delay on clnode216.clemson.cloudlab.us eth0...
2026-04-01 17:37:43,001 - Orchestrator - INFO - Anomaly injected. Waiting for latency to spike > 2.5x baseline...
2026-04-01 17:40:43,005 - Orchestrator - ERROR - FAIL: Anomaly Network failed to produce sufficient latency spike (>2.5x) after 3 minutes.
2026-04-01 17:40:43,006 - Orchestrator - INFO - Robustness evaluations saved to /users/mkraman/DeathStarBench-LDOS/ldos-app-embeddings/results/evaluations/robustness_20260401_170627.json
2026-04-01 17:40:43,006 - Orchestrator - INFO - Removing all active stress injections on clnode216.clemson.cloudlab.us...
2026-04-01 17:40:43,006 - Orchestrator - INFO - Removing Network Delay on clnode216.clemson.cloudlab.us eth0...
2026-04-01 17:40:43,917 - Orchestrator - INFO - Cleaning sysbench files on clnode216.clemson.cloudlab.us...
2026-04-01 17:41:44,908 - Orchestrator - INFO - === Robustness Evaluation Complete ===
2026-04-01 17:41:44,909 - Orchestrator - INFO - === Pipeline Execution Complete ===
2026-04-01 17:41:44,909 - Orchestrator - INFO - Experiment summary configuration persisted successfully to /users/mkraman/DeathStarBench-LDOS/ldos-app-embeddings/results/experiments/run_20260401_170627/summary.json
