2026-04-01 20:30:58,971 - Orchestrator - INFO - Loaded cached disk I/O limit for clnode218.clemson.cloudlab.us: 146.0 MB/s
2026-04-01 20:30:58,972 - Orchestrator - INFO - Fetched actual maximum bounds from clnode218.clemson.cloudlab.us: 64 Cores, 376.6 GB RAM, 1250.0 MB/s Net
2026-04-01 20:30:58,972 - Orchestrator - INFO - Preprocessing traces and converting to rates of change...
2026-04-01 20:31:19,201 - Orchestrator - INFO - Pass 1: Computing absolute structural (x - min) / (max - min) global boundaries...
2026-04-01 20:31:29,137 - Orchestrator - WARNING - Feature 'read_bytes' is missing from the dataset. Proceeding without it.
2026-04-01 20:31:29,137 - Orchestrator - WARNING - Feature 'write_bytes' is missing from the dataset. Proceeding without it.
2026-04-01 20:31:29,137 - Orchestrator - WARNING - Feature 'jobs_waiting_count' is missing from the dataset. Proceeding without it.
2026-04-01 20:31:29,137 - Orchestrator - WARNING - Feature 'unique_jobs_waiting' is missing from the dataset. Proceeding without it.
2026-04-01 20:31:29,137 - Orchestrator - WARNING - Feature 'thread_queue_length' is missing from the dataset. Proceeding without it.
2026-04-01 20:31:29,137 - Orchestrator - WARNING - Feature 'active_connections' is missing from the dataset. Proceeding without it.
2026-04-01 20:31:45,007 - Orchestrator - INFO - Successfully processed 33 offline execution samples.
2026-04-01 20:31:48,293 - Orchestrator - INFO - Initialized Dataset with 39131 samples across 33 experiment configurations.
2026-04-01 20:31:48,297 - Orchestrator - INFO - Bypassing training phase. Loading latest pretrained model.
2026-04-01 20:31:48,302 - Orchestrator - INFO - Evaluating node limit constraint vectors (E_N_max)...
2026-04-01 20:31:48,310 - Orchestrator - INFO - === Beginning Phase 3-6 continuous online evaluation for 180s ===
2026-04-01 20:31:52,333 - Orchestrator - INFO - Dynamic Workload Thread: Stressing cluster with 500 RPS for 60s
2026-04-01 20:31:52,334 - Orchestrator - INFO - Background Loop parked waiting for cluster latency stabilization (<100ms)...
2026-04-01 20:31:52,334 - Orchestrator - INFO - Waiting for tracking metrics stabilization before launching Robustness Injection...
2026-04-01 20:31:57,335 - Orchestrator - INFO - Background Loop parked waiting for cluster latency stabilization (<100ms)...
2026-04-01 20:32:02,335 - Orchestrator - INFO - Background Loop parked waiting for cluster latency stabilization (<100ms)...
2026-04-01 20:32:07,335 - Orchestrator - INFO - Background Loop parked waiting for cluster latency stabilization (<100ms)...
2026-04-01 20:32:12,336 - Orchestrator - INFO - Background Loop parked waiting for cluster latency stabilization (<100ms)...
2026-04-01 20:32:17,336 - Orchestrator - INFO - Background Loop parked waiting for cluster latency stabilization (<100ms)...
2026-04-01 20:32:22,337 - Orchestrator - INFO - Background Loop parked waiting for cluster latency stabilization (<100ms)...
2026-04-01 20:32:27,337 - Orchestrator - INFO - Background Loop parked waiting for cluster latency stabilization (<100ms)...
2026-04-01 20:32:32,338 - Orchestrator - INFO - Background Loop parked waiting for cluster latency stabilization (<100ms)...
2026-04-01 20:32:37,338 - Orchestrator - INFO - Background Loop parked waiting for cluster latency stabilization (<100ms)...
2026-04-01 20:32:42,338 - Orchestrator - INFO - Background Loop parked waiting for cluster latency stabilization (<100ms)...
2026-04-01 20:32:47,339 - Orchestrator - INFO - Background Loop parked waiting for cluster latency stabilization (<100ms)...
2026-04-01 20:32:52,339 - Orchestrator - INFO - Background Loop parked waiting for cluster latency stabilization (<100ms)...
2026-04-01 20:32:57,340 - Orchestrator - INFO - Background Loop parked waiting for cluster latency stabilization (<100ms)...
2026-04-01 20:33:02,340 - Orchestrator - INFO - Background Loop parked waiting for cluster latency stabilization (<100ms)...
2026-04-01 20:33:02,358 - Orchestrator - INFO - Global latest_p99_latency naturally updated to: 24.72ms | Container: [24.72]
2026-04-01 20:33:02,358 - Orchestrator - INFO - Dynamic Workload Thread: Stressing cluster with 500 RPS for 60s
2026-04-01 20:33:07,336 - Orchestrator - INFO - Proceeding to Robustness Target Injection Evaluation...
2026-04-01 20:33:07,337 - Orchestrator - INFO - === Starting Robustness Evaluation ===
2026-04-01 20:33:07,337 - Orchestrator - INFO - --- Testing CPU Anomaly Target on clnode218.clemson.cloudlab.us ---
2026-04-01 20:33:07,337 - Orchestrator - INFO - Waiting 2 minutes for stabilization...
2026-04-01 20:33:07,341 - Orchestrator - INFO - --- Logical Loop Execution Step: 0 ---
2026-04-01 20:34:12,378 - Orchestrator - INFO - Global latest_p99_latency naturally updated to: 25.71ms | Container: [24.72, 25.71]
2026-04-01 20:34:12,379 - Orchestrator - INFO - Dynamic Workload Thread: Stressing cluster with 500 RPS for 60s
2026-04-01 20:35:07,337 - Orchestrator - INFO - Baseline P99 Latency Recorded: 25.71ms
2026-04-01 20:35:07,338 - Orchestrator - INFO - Checking & installing anomaly tool dependencies on clnode218.clemson.cloudlab.us...
2026-04-01 20:35:11,725 - Orchestrator - INFO - Injecting CPU Stress on clnode218.clemson.cloudlab.us for 120s...
2026-04-01 20:35:11,727 - Orchestrator - INFO - Anomaly injected. Waiting for latency to spike > 2.0x baseline...
2026-04-01 20:35:22,400 - Orchestrator - INFO - Global latest_p99_latency naturally updated to: 26.90ms | Container: [24.72, 25.71, 26.9]
