2026-04-01 20:37:47,223 - Orchestrator - INFO - Loaded cached disk I/O limit for clnode218.clemson.cloudlab.us: 146.0 MB/s
2026-04-01 20:37:47,223 - Orchestrator - INFO - Fetched actual maximum bounds from clnode218.clemson.cloudlab.us: 64 Cores, 376.6 GB RAM, 1250.0 MB/s Net
2026-04-01 20:37:47,223 - Orchestrator - INFO - Preprocessing traces and converting to rates of change...
2026-04-01 20:38:07,355 - Orchestrator - INFO - Pass 1: Computing absolute structural (x - min) / (max - min) global boundaries...
2026-04-01 20:38:17,120 - Orchestrator - WARNING - Feature 'read_bytes' is missing from the dataset. Proceeding without it.
2026-04-01 20:38:17,120 - Orchestrator - WARNING - Feature 'write_bytes' is missing from the dataset. Proceeding without it.
2026-04-01 20:38:17,120 - Orchestrator - WARNING - Feature 'jobs_waiting_count' is missing from the dataset. Proceeding without it.
2026-04-01 20:38:17,121 - Orchestrator - WARNING - Feature 'unique_jobs_waiting' is missing from the dataset. Proceeding without it.
2026-04-01 20:38:17,121 - Orchestrator - WARNING - Feature 'thread_queue_length' is missing from the dataset. Proceeding without it.
2026-04-01 20:38:17,121 - Orchestrator - WARNING - Feature 'active_connections' is missing from the dataset. Proceeding without it.
2026-04-01 20:38:33,119 - Orchestrator - INFO - Successfully processed 33 offline execution samples.
2026-04-01 20:38:35,923 - Orchestrator - INFO - Initialized Dataset with 39131 samples across 33 experiment configurations.
2026-04-01 20:38:35,926 - Orchestrator - INFO - Bypassing training phase. Loading latest pretrained model.
2026-04-01 20:38:35,932 - Orchestrator - INFO - Evaluating node limit constraint vectors (E_N_max)...
2026-04-01 20:38:35,941 - Orchestrator - INFO - === Beginning Phase 3-6 continuous online evaluation for 180s ===
2026-04-01 20:38:40,141 - Orchestrator - INFO - Dynamic Workload Thread: Stressing cluster with 500 RPS for 60s
2026-04-01 20:38:40,142 - Orchestrator - INFO - Background Loop parked waiting for cluster latency stabilization (<100ms)...
2026-04-01 20:38:40,142 - Orchestrator - INFO - Waiting for tracking metrics stabilization before launching Robustness Injection...
2026-04-01 20:38:45,143 - Orchestrator - INFO - Background Loop parked waiting for cluster latency stabilization (<100ms)...
2026-04-01 20:38:50,143 - Orchestrator - INFO - Background Loop parked waiting for cluster latency stabilization (<100ms)...
2026-04-01 20:38:55,144 - Orchestrator - INFO - Background Loop parked waiting for cluster latency stabilization (<100ms)...
2026-04-01 20:39:00,144 - Orchestrator - INFO - Background Loop parked waiting for cluster latency stabilization (<100ms)...
2026-04-01 20:39:05,144 - Orchestrator - INFO - Background Loop parked waiting for cluster latency stabilization (<100ms)...
2026-04-01 20:39:10,145 - Orchestrator - INFO - Background Loop parked waiting for cluster latency stabilization (<100ms)...
2026-04-01 20:39:15,145 - Orchestrator - INFO - Background Loop parked waiting for cluster latency stabilization (<100ms)...
2026-04-01 20:39:20,146 - Orchestrator - INFO - Background Loop parked waiting for cluster latency stabilization (<100ms)...
2026-04-01 20:39:25,146 - Orchestrator - INFO - Background Loop parked waiting for cluster latency stabilization (<100ms)...
2026-04-01 20:39:30,147 - Orchestrator - INFO - Background Loop parked waiting for cluster latency stabilization (<100ms)...
2026-04-01 20:39:35,147 - Orchestrator - INFO - Background Loop parked waiting for cluster latency stabilization (<100ms)...
2026-04-01 20:39:40,148 - Orchestrator - INFO - Background Loop parked waiting for cluster latency stabilization (<100ms)...
2026-04-01 20:39:45,148 - Orchestrator - INFO - Background Loop parked waiting for cluster latency stabilization (<100ms)...
2026-04-01 20:39:50,149 - Orchestrator - INFO - Background Loop parked waiting for cluster latency stabilization (<100ms)...
2026-04-01 20:39:50,164 - Orchestrator - INFO - Global latest_p99_latency naturally updated to: 26.37ms | Container: [26.37]
2026-04-01 20:39:50,164 - Orchestrator - INFO - Dynamic Workload Thread: Stressing cluster with 500 RPS for 60s
2026-04-01 20:39:55,144 - Orchestrator - INFO - Proceeding to Robustness Target Injection Evaluation...
2026-04-01 20:39:55,145 - Orchestrator - INFO - === Starting Robustness Evaluation ===
2026-04-01 20:39:55,145 - Orchestrator - INFO - --- Testing CPU Anomaly Target on clnode218.clemson.cloudlab.us ---
2026-04-01 20:39:55,145 - Orchestrator - INFO - Waiting 2 minutes for stabilization...
2026-04-01 20:39:55,149 - Orchestrator - INFO - --- Logical Loop Execution Step: 0 ---
2026-04-01 20:41:00,183 - Orchestrator - INFO - Global latest_p99_latency naturally updated to: 27.47ms | Container: [26.37, 27.47]
2026-04-01 20:41:00,184 - Orchestrator - INFO - Dynamic Workload Thread: Stressing cluster with 500 RPS for 60s
2026-04-01 20:41:06,521 - Orchestrator - WARNING - Gradient Router: Node 0 is overloaded! (Violation L1: 0.16)
2026-04-01 20:41:06,523 - Orchestrator - INFO - Trying to move the heaviest service 'media-mongodb'. Baseline Physical P99 = 27.47ms
2026-04-01 20:41:06,523 - Orchestrator - INFO - Testing Evacuation of media-mongodb to healthy Node 1
2026-04-01 20:41:06,523 - Orchestrator - INFO - -> TRAFFIC SHIFT: Migrating 1% of media-mongodb to Node 1 via Istio Mesh.
2026-04-01 20:41:06,793 - Orchestrator - INFO - Setting up Istio VirtualService & DestinationRule for media-mongodb: 99% node1.app-embeddings.ldos-ut-pg0.clemson.cloudlab.us, 1% node2.app-embeddings.ldos-ut-pg0.clemson.cloudlab.us
2026-04-01 20:41:55,145 - Orchestrator - INFO - Baseline P99 Latency Recorded: 27.47ms
2026-04-01 20:41:55,146 - Orchestrator - INFO - Checking & installing anomaly tool dependencies on clnode218.clemson.cloudlab.us...
2026-04-01 20:41:59,683 - Orchestrator - INFO - Injecting CPU Stress on clnode218.clemson.cloudlab.us for 120s...
2026-04-01 20:41:59,684 - Orchestrator - INFO - Anomaly injected. Waiting for latency to spike > 2.0x baseline...
2026-04-01 20:42:10,204 - Orchestrator - INFO - Global latest_p99_latency naturally updated to: 28.14ms | Container: [26.37, 27.47, 28.14]
