2026-04-10 01:07:29,321 - Orchestrator - INFO - Loaded cached disk I/O limit for clnode218.clemson.cloudlab.us: 146.0 MB/s
2026-04-10 01:07:29,321 - Orchestrator - INFO - Fetched actual maximum bounds from clnode218.clemson.cloudlab.us: 64 Cores, 376.6 GB RAM, 1250.0 MB/s Net
2026-04-10 01:07:29,322 - Orchestrator - INFO - Preprocessing traces and converting to rates of change...
2026-04-10 01:07:49,254 - Orchestrator - INFO - Pass 1: Computing absolute structural (x - min) / (max - min) global boundaries...
2026-04-10 01:07:59,203 - Orchestrator - WARNING - Feature 'read_bytes' is missing from the dataset. Proceeding without it.
2026-04-10 01:07:59,203 - Orchestrator - WARNING - Feature 'write_bytes' is missing from the dataset. Proceeding without it.
2026-04-10 01:07:59,203 - Orchestrator - WARNING - Feature 'jobs_waiting_count' is missing from the dataset. Proceeding without it.
2026-04-10 01:07:59,203 - Orchestrator - WARNING - Feature 'unique_jobs_waiting' is missing from the dataset. Proceeding without it.
2026-04-10 01:07:59,203 - Orchestrator - WARNING - Feature 'thread_queue_length' is missing from the dataset. Proceeding without it.
2026-04-10 01:07:59,203 - Orchestrator - WARNING - Feature 'active_connections' is missing from the dataset. Proceeding without it.
2026-04-10 01:08:14,833 - Orchestrator - INFO - Successfully processed 33 offline execution samples.
2026-04-10 01:08:17,745 - Orchestrator - INFO - Initialized Dataset with 39131 samples across 33 experiment configurations.
2026-04-10 01:08:17,748 - Orchestrator - INFO - Bypassing training phase. Loading latest pretrained model.
2026-04-10 01:08:17,754 - Orchestrator - INFO - Evaluating node limit constraint vectors (E_N_max)...
2026-04-10 01:08:17,764 - Orchestrator - INFO - === Beginning Phase 3-6 continuous online evaluation for 180s ===
2026-04-10 01:08:21,814 - Orchestrator - INFO - Dynamic Workload Thread: Stressing cluster with 500 RPS for 60s
2026-04-10 01:08:21,814 - Orchestrator - INFO - Background Loop parked waiting for cluster latency stabilization (<100ms)...
2026-04-10 01:08:21,815 - Orchestrator - INFO - Waiting for tracking metrics stabilization before launching Robustness Injection...
2026-04-10 01:08:26,815 - Orchestrator - INFO - Background Loop parked waiting for cluster latency stabilization (<100ms)...
2026-04-10 01:08:31,816 - Orchestrator - INFO - Background Loop parked waiting for cluster latency stabilization (<100ms)...
2026-04-10 01:08:36,816 - Orchestrator - INFO - Background Loop parked waiting for cluster latency stabilization (<100ms)...
2026-04-10 01:08:41,816 - Orchestrator - INFO - Background Loop parked waiting for cluster latency stabilization (<100ms)...
2026-04-10 01:08:46,817 - Orchestrator - INFO - Background Loop parked waiting for cluster latency stabilization (<100ms)...
2026-04-10 01:08:51,817 - Orchestrator - INFO - Background Loop parked waiting for cluster latency stabilization (<100ms)...
2026-04-10 01:08:56,818 - Orchestrator - INFO - Background Loop parked waiting for cluster latency stabilization (<100ms)...
2026-04-10 01:09:01,818 - Orchestrator - INFO - Background Loop parked waiting for cluster latency stabilization (<100ms)...
2026-04-10 01:09:06,819 - Orchestrator - INFO - Background Loop parked waiting for cluster latency stabilization (<100ms)...
2026-04-10 01:09:11,819 - Orchestrator - INFO - Background Loop parked waiting for cluster latency stabilization (<100ms)...
2026-04-10 01:09:16,819 - Orchestrator - INFO - Background Loop parked waiting for cluster latency stabilization (<100ms)...
2026-04-10 01:09:21,820 - Orchestrator - INFO - Background Loop parked waiting for cluster latency stabilization (<100ms)...
2026-04-10 01:09:26,820 - Orchestrator - INFO - Background Loop parked waiting for cluster latency stabilization (<100ms)...
2026-04-10 01:09:31,821 - Orchestrator - INFO - Background Loop parked waiting for cluster latency stabilization (<100ms)...
2026-04-10 01:09:31,838 - Orchestrator - INFO - Global latest_p99_latency naturally updated to: 33.82ms | Container: [33.82]
2026-04-10 01:09:31,839 - Orchestrator - INFO - Dynamic Workload Thread: Stressing cluster with 500 RPS for 60s
2026-04-10 01:09:36,817 - Orchestrator - INFO - Proceeding to Robustness Target Injection Evaluation...
2026-04-10 01:09:36,817 - Orchestrator - INFO - === Starting Robustness Evaluation ===
2026-04-10 01:09:36,817 - Orchestrator - INFO - --- Testing CPU Anomaly Target on clnode218.clemson.cloudlab.us ---
2026-04-10 01:09:36,817 - Orchestrator - INFO - Waiting 2 minutes for stabilization...
2026-04-10 01:09:36,821 - Orchestrator - INFO - --- Logical Loop Execution Step: 0 ---
2026-04-10 01:10:41,861 - Orchestrator - INFO - Global latest_p99_latency naturally updated to: 35.04ms | Container: [33.82, 35.04]
2026-04-10 01:10:41,861 - Orchestrator - INFO - Dynamic Workload Thread: Stressing cluster with 500 RPS for 60s
2026-04-10 01:10:48,430 - Orchestrator - INFO - Gradient Router: All nodes healthy. No migration necessary.
2026-04-10 01:10:48,430 - Orchestrator - INFO - --- Logical Loop Execution Step: 1 ---
2026-04-10 01:11:36,817 - Orchestrator - INFO - Baseline P99 Latency Recorded: 35.04ms
2026-04-10 01:11:36,818 - Orchestrator - INFO - Checking & installing anomaly tool dependencies on clnode218.clemson.cloudlab.us...
2026-04-10 01:11:41,031 - Orchestrator - INFO - Injecting CPU Stress on clnode218.clemson.cloudlab.us for 120s...
2026-04-10 01:11:41,032 - Orchestrator - INFO - Anomaly injected. Waiting for latency to spike > 2.0x baseline...
2026-04-10 01:11:51,884 - Orchestrator - INFO - Global latest_p99_latency naturally updated to: 35.65ms | Container: [33.82, 35.04, 35.65]
2026-04-10 01:11:57,913 - Orchestrator - INFO - Gradient Router: All nodes healthy. No migration necessary.
2026-04-10 01:14:41,036 - Orchestrator - ERROR - FAIL: Anomaly CPU failed to produce sufficient latency spike (>2.0x) after 3 minutes.
2026-04-10 01:14:41,037 - Orchestrator - INFO - Robustness evaluations saved to /users/mkraman/DeathStarBench-LDOS/ldos-app-embeddings/results/evaluations/robustness_20260410_010727.json
2026-04-10 01:14:41,037 - Orchestrator - INFO - Removing all active stress injections on clnode218.clemson.cloudlab.us...
2026-04-10 01:14:41,037 - Orchestrator - INFO - Removing Network Delay on clnode218.clemson.cloudlab.us cni0 & enp24s0f1np1...
2026-04-10 01:14:41,523 - Orchestrator - INFO - Cleaning sysbench files on clnode218.clemson.cloudlab.us...
