2026-04-01 20:44:16,677 - Orchestrator - INFO - Loaded cached disk I/O limit for clnode218.clemson.cloudlab.us: 146.0 MB/s
2026-04-01 20:44:16,678 - Orchestrator - INFO - Fetched actual maximum bounds from clnode218.clemson.cloudlab.us: 64 Cores, 376.6 GB RAM, 1250.0 MB/s Net
2026-04-01 20:44:16,678 - Orchestrator - INFO - Preprocessing traces and converting to rates of change...
2026-04-01 20:44:36,835 - Orchestrator - INFO - Pass 1: Computing absolute structural (x - min) / (max - min) global boundaries...
2026-04-01 20:44:46,658 - Orchestrator - WARNING - Feature 'read_bytes' is missing from the dataset. Proceeding without it.
2026-04-01 20:44:46,658 - Orchestrator - WARNING - Feature 'write_bytes' is missing from the dataset. Proceeding without it.
2026-04-01 20:44:46,658 - Orchestrator - WARNING - Feature 'jobs_waiting_count' is missing from the dataset. Proceeding without it.
2026-04-01 20:44:46,658 - Orchestrator - WARNING - Feature 'unique_jobs_waiting' is missing from the dataset. Proceeding without it.
2026-04-01 20:44:46,658 - Orchestrator - WARNING - Feature 'thread_queue_length' is missing from the dataset. Proceeding without it.
2026-04-01 20:44:46,658 - Orchestrator - WARNING - Feature 'active_connections' is missing from the dataset. Proceeding without it.
2026-04-01 20:45:02,348 - Orchestrator - INFO - Successfully processed 33 offline execution samples.
2026-04-01 20:45:05,323 - Orchestrator - INFO - Initialized Dataset with 39131 samples across 33 experiment configurations.
2026-04-01 20:45:05,327 - Orchestrator - INFO - Bypassing training phase. Loading latest pretrained model.
2026-04-01 20:45:05,334 - Orchestrator - INFO - Evaluating node limit constraint vectors (E_N_max)...
2026-04-01 20:45:05,342 - Orchestrator - INFO - === Beginning Phase 3-6 continuous online evaluation for 180s ===
2026-04-01 20:45:09,427 - Orchestrator - INFO - Dynamic Workload Thread: Stressing cluster with 500 RPS for 60s
2026-04-01 20:45:09,428 - Orchestrator - INFO - Background Loop parked waiting for cluster latency stabilization (<100ms)...
2026-04-01 20:45:09,428 - Orchestrator - INFO - Waiting for tracking metrics stabilization before launching Robustness Injection...
2026-04-01 20:45:14,429 - Orchestrator - INFO - Background Loop parked waiting for cluster latency stabilization (<100ms)...
2026-04-01 20:45:19,429 - Orchestrator - INFO - Background Loop parked waiting for cluster latency stabilization (<100ms)...
2026-04-01 20:45:24,429 - Orchestrator - INFO - Background Loop parked waiting for cluster latency stabilization (<100ms)...
2026-04-01 20:45:29,430 - Orchestrator - INFO - Background Loop parked waiting for cluster latency stabilization (<100ms)...
2026-04-01 20:45:34,430 - Orchestrator - INFO - Background Loop parked waiting for cluster latency stabilization (<100ms)...
2026-04-01 20:45:39,431 - Orchestrator - INFO - Background Loop parked waiting for cluster latency stabilization (<100ms)...
2026-04-01 20:45:44,431 - Orchestrator - INFO - Background Loop parked waiting for cluster latency stabilization (<100ms)...
2026-04-01 20:45:49,432 - Orchestrator - INFO - Background Loop parked waiting for cluster latency stabilization (<100ms)...
2026-04-01 20:45:54,432 - Orchestrator - INFO - Background Loop parked waiting for cluster latency stabilization (<100ms)...
2026-04-01 20:45:59,432 - Orchestrator - INFO - Background Loop parked waiting for cluster latency stabilization (<100ms)...
2026-04-01 20:46:04,433 - Orchestrator - INFO - Background Loop parked waiting for cluster latency stabilization (<100ms)...
2026-04-01 20:46:09,433 - Orchestrator - INFO - Background Loop parked waiting for cluster latency stabilization (<100ms)...
2026-04-01 20:46:14,434 - Orchestrator - INFO - Background Loop parked waiting for cluster latency stabilization (<100ms)...
2026-04-01 20:46:19,434 - Orchestrator - INFO - Background Loop parked waiting for cluster latency stabilization (<100ms)...
2026-04-01 20:46:19,451 - Orchestrator - INFO - Global latest_p99_latency naturally updated to: 27.38ms | Container: [27.38]
2026-04-01 20:46:19,451 - Orchestrator - INFO - Dynamic Workload Thread: Stressing cluster with 500 RPS for 60s
2026-04-01 20:46:24,430 - Orchestrator - INFO - Proceeding to Robustness Target Injection Evaluation...
2026-04-01 20:46:24,431 - Orchestrator - INFO - === Starting Robustness Evaluation ===
2026-04-01 20:46:24,431 - Orchestrator - INFO - --- Testing CPU Anomaly Target on clnode218.clemson.cloudlab.us ---
2026-04-01 20:46:24,431 - Orchestrator - INFO - Waiting 2 minutes for stabilization...
2026-04-01 20:46:24,435 - Orchestrator - INFO - --- Logical Loop Execution Step: 0 ---
2026-04-01 20:47:29,471 - Orchestrator - INFO - Global latest_p99_latency naturally updated to: 28.61ms | Container: [27.38, 28.61]
2026-04-01 20:47:29,472 - Orchestrator - INFO - Dynamic Workload Thread: Stressing cluster with 500 RPS for 60s
2026-04-01 20:47:35,779 - Orchestrator - WARNING - Gradient Router: Node 0 is overloaded! (Violation L1: 0.16)
2026-04-01 20:47:35,779 - Orchestrator - INFO - Trying to move the heaviest service 'media-mongodb'. Baseline Physical P99 = 28.61ms
2026-04-01 20:47:35,779 - Orchestrator - INFO - Testing Evacuation of media-mongodb to healthy Node 1
2026-04-01 20:47:35,779 - Orchestrator - INFO - -> TRAFFIC SHIFT: Migrating 1% of media-mongodb to Node 1 via Istio Mesh.
2026-04-01 20:47:36,012 - Orchestrator - INFO - Setting up Istio VirtualService & DestinationRule for media-mongodb: 99% node1.app-embeddings.ldos-ut-pg0.clemson.cloudlab.us, 1% node2.app-embeddings.ldos-ut-pg0.clemson.cloudlab.us
2026-04-01 20:48:24,431 - Orchestrator - INFO - Baseline P99 Latency Recorded: 28.61ms
2026-04-01 20:48:24,432 - Orchestrator - INFO - Checking & installing anomaly tool dependencies on clnode218.clemson.cloudlab.us...
2026-04-01 20:48:28,982 - Orchestrator - INFO - Injecting CPU Stress on clnode218.clemson.cloudlab.us for 120s...
2026-04-01 20:48:28,984 - Orchestrator - INFO - Anomaly injected. Waiting for latency to spike > 2.0x baseline...
2026-04-01 20:48:37,323 - Orchestrator - INFO - Evacuation empirical gradient: 0.00
2026-04-01 20:48:37,323 - Orchestrator - INFO - <- REVERT: Returning media-mongodb to Origin Node.
2026-04-01 20:48:37,323 - Orchestrator - INFO - Tearing down Istio overlay for media-mongodb
2026-04-01 20:48:37,904 - Orchestrator - INFO - Testing Evacuation of media-mongodb to healthy Node 2
2026-04-01 20:48:37,904 - Orchestrator - INFO - -> TRAFFIC SHIFT: Migrating 1% of media-mongodb to Node 2 via Istio Mesh.
2026-04-01 20:48:38,170 - Orchestrator - INFO - Setting up Istio VirtualService & DestinationRule for media-mongodb: 99% node1.app-embeddings.ldos-ut-pg0.clemson.cloudlab.us, 1% node3.app-embeddings.ldos-ut-pg0.clemson.cloudlab.us
2026-04-01 20:48:39,489 - Orchestrator - INFO - Global latest_p99_latency naturally updated to: 28.42ms | Container: [27.38, 28.61, 28.42]
2026-04-01 20:49:39,819 - Orchestrator - INFO - Evacuation empirical gradient: -19.00
2026-04-01 20:49:39,820 - Orchestrator - INFO - <- REVERT: Returning media-mongodb to Origin Node.
2026-04-01 20:49:39,820 - Orchestrator - INFO - Tearing down Istio overlay for media-mongodb
2026-04-01 20:49:40,407 - Orchestrator - INFO - Testing Evacuation of media-mongodb to healthy Node 3
2026-04-01 20:49:40,407 - Orchestrator - INFO - -> TRAFFIC SHIFT: Migrating 1% of media-mongodb to Node 3 via Istio Mesh.
2026-04-01 20:49:40,678 - Orchestrator - INFO - Setting up Istio VirtualService & DestinationRule for media-mongodb: 99% node1.app-embeddings.ldos-ut-pg0.clemson.cloudlab.us, 1% node4.app-embeddings.ldos-ut-pg0.clemson.cloudlab.us
2026-04-01 20:50:42,255 - Orchestrator - INFO - Evacuation empirical gradient: -19.00
2026-04-01 20:50:42,255 - Orchestrator - INFO - <- REVERT: Returning media-mongodb to Origin Node.
2026-04-01 20:50:42,255 - Orchestrator - INFO - Tearing down Istio overlay for media-mongodb
2026-04-01 20:50:42,829 - Orchestrator - INFO - Testing Evacuation of media-mongodb to healthy Node 4
2026-04-01 20:50:42,829 - Orchestrator - INFO - -> TRAFFIC SHIFT: Migrating 1% of media-mongodb to Node 4 via Istio Mesh.
2026-04-01 20:50:43,069 - Orchestrator - INFO - Setting up Istio VirtualService & DestinationRule for media-mongodb: 99% node1.app-embeddings.ldos-ut-pg0.clemson.cloudlab.us, 1% node5.app-embeddings.ldos-ut-pg0.clemson.cloudlab.us
2026-04-01 20:51:28,987 - Orchestrator - ERROR - FAIL: Anomaly CPU failed to produce sufficient latency spike (>2.0x) after 3 minutes.
2026-04-01 20:51:28,988 - Orchestrator - INFO - Robustness evaluations saved to /users/mkraman/DeathStarBench-LDOS/ldos-app-embeddings/results/evaluations/robustness_20260401_204414.json
2026-04-01 20:51:28,989 - Orchestrator - INFO - Removing all active stress injections on clnode218.clemson.cloudlab.us...
2026-04-01 20:51:28,989 - Orchestrator - INFO - Removing Network Delay on clnode218.clemson.cloudlab.us enp24s0f0np0...
2026-04-01 20:51:29,898 - Orchestrator - INFO - Cleaning sysbench files on clnode218.clemson.cloudlab.us...
2026-04-01 20:51:44,670 - Orchestrator - INFO - Evacuation empirical gradient: -19.00
2026-04-01 20:51:44,670 - Orchestrator - INFO - <- REVERT: Returning media-mongodb to Origin Node.
2026-04-01 20:51:44,670 - Orchestrator - INFO - Tearing down Istio overlay for media-mongodb
2026-04-01 20:51:45,494 - Orchestrator - INFO - Found a good mitigation action! (Gradient = -19.00)
2026-04-01 20:51:45,626 - Orchestrator - INFO - Executing Full Physical Migration of media-mongodb to Node node3.app-embeddings.ldos-ut-pg0.clemson.cloudlab.us...
2026-04-01 20:51:45,818 - Orchestrator - INFO - Service media-mongodb successfully physically migrated to node3.app-embeddings.ldos-ut-pg0.clemson.cloudlab.us.
2026-04-01 20:51:45,819 - Orchestrator - INFO - Gradient Router evaluations saved to /users/mkraman/DeathStarBench-LDOS/ldos-app-embeddings/results/evaluations/router_20260401_204414.json
2026-04-01 20:52:30,858 - Orchestrator - INFO - --- Testing Memory Anomaly Target on clnode198.clemson.cloudlab.us ---
2026-04-01 20:52:30,858 - Orchestrator - INFO - Waiting 2 minutes for stabilization...
2026-04-01 20:54:30,858 - Orchestrator - INFO - Baseline P99 Latency Recorded: 28.42ms
2026-04-01 20:54:30,859 - Orchestrator - INFO - Checking & installing anomaly tool dependencies on clnode198.clemson.cloudlab.us...
2026-04-01 20:55:15,181 - Orchestrator - INFO - Injecting Memory Stress on clnode198.clemson.cloudlab.us for 120s...
2026-04-01 20:55:15,183 - Orchestrator - INFO - Anomaly injected. Waiting for latency to spike > 2.0x baseline...
2026-04-01 20:58:15,187 - Orchestrator - ERROR - FAIL: Anomaly Memory failed to produce sufficient latency spike (>2.0x) after 3 minutes.
2026-04-01 20:58:15,188 - Orchestrator - INFO - Robustness evaluations saved to /users/mkraman/DeathStarBench-LDOS/ldos-app-embeddings/results/evaluations/robustness_20260401_204414.json
2026-04-01 20:58:15,188 - Orchestrator - INFO - Removing all active stress injections on clnode198.clemson.cloudlab.us...
2026-04-01 20:58:15,188 - Orchestrator - INFO - Removing Network Delay on clnode198.clemson.cloudlab.us enp24s0f0np0...
2026-04-01 20:58:16,114 - Orchestrator - INFO - Cleaning sysbench files on clnode198.clemson.cloudlab.us...
2026-04-01 20:59:17,072 - Orchestrator - INFO - --- Testing Network Anomaly Target on clnode216.clemson.cloudlab.us ---
2026-04-01 20:59:17,072 - Orchestrator - INFO - Waiting 2 minutes for stabilization...
2026-04-01 21:01:17,073 - Orchestrator - INFO - Baseline P99 Latency Recorded: 28.42ms
2026-04-01 21:01:17,073 - Orchestrator - INFO - Injecting 500ms Network Delay on clnode216.clemson.cloudlab.us enp24s0f0np0...
2026-04-01 21:01:18,559 - Orchestrator - INFO - Anomaly injected. Waiting for latency to spike > 2.0x baseline...
2026-04-01 21:04:18,562 - Orchestrator - ERROR - FAIL: Anomaly Network failed to produce sufficient latency spike (>2.0x) after 3 minutes.
2026-04-01 21:04:18,563 - Orchestrator - INFO - Robustness evaluations saved to /users/mkraman/DeathStarBench-LDOS/ldos-app-embeddings/results/evaluations/robustness_20260401_204414.json
2026-04-01 21:04:18,564 - Orchestrator - INFO - Removing all active stress injections on clnode216.clemson.cloudlab.us...
2026-04-01 21:04:18,564 - Orchestrator - INFO - Removing Network Delay on clnode216.clemson.cloudlab.us enp24s0f0np0...
2026-04-01 21:04:24,611 - Orchestrator - INFO - Cleaning sysbench files on clnode216.clemson.cloudlab.us...
2026-04-01 21:05:25,489 - Orchestrator - INFO - === Robustness Evaluation Complete ===
2026-04-01 21:05:25,489 - Orchestrator - INFO - === Pipeline Execution Complete ===
2026-04-01 21:05:25,490 - Orchestrator - INFO - Experiment summary configuration persisted successfully to /users/mkraman/DeathStarBench-LDOS/ldos-app-embeddings/results/experiments/run_20260401_204414/summary.json
