2026-04-10 06:16:40,744 - Orchestrator - INFO - Loaded cached disk I/O limit for clnode218.clemson.cloudlab.us: 146.0 MB/s
2026-04-10 06:16:40,745 - Orchestrator - INFO - Fetched actual maximum bounds from clnode218.clemson.cloudlab.us: 64 Cores, 376.6 GB RAM, 1250.0 MB/s Net
2026-04-10 06:16:40,745 - Orchestrator - INFO - Preprocessing traces and converting to rates of change...
2026-04-10 06:17:00,985 - Orchestrator - INFO - Pass 1: Computing absolute structural (x - min) / (max - min) global boundaries...
2026-04-10 06:17:10,900 - Orchestrator - WARNING - Feature 'read_bytes' is missing from the dataset. Proceeding without it.
2026-04-10 06:17:10,900 - Orchestrator - WARNING - Feature 'write_bytes' is missing from the dataset. Proceeding without it.
2026-04-10 06:17:10,900 - Orchestrator - WARNING - Feature 'jobs_waiting_count' is missing from the dataset. Proceeding without it.
2026-04-10 06:17:10,901 - Orchestrator - WARNING - Feature 'unique_jobs_waiting' is missing from the dataset. Proceeding without it.
2026-04-10 06:17:10,901 - Orchestrator - WARNING - Feature 'thread_queue_length' is missing from the dataset. Proceeding without it.
2026-04-10 06:17:10,901 - Orchestrator - WARNING - Feature 'active_connections' is missing from the dataset. Proceeding without it.
2026-04-10 06:17:26,628 - Orchestrator - INFO - Successfully processed 33 offline execution samples.
2026-04-10 06:17:29,856 - Orchestrator - INFO - Initialized Dataset with 39131 samples across 33 experiment configurations.
2026-04-10 06:17:29,860 - Orchestrator - INFO - Bypassing training phase. Loading latest pretrained model.
2026-04-10 06:17:29,866 - Orchestrator - INFO - Evaluating node limit constraint vectors (E_N_max)...
2026-04-10 06:17:29,874 - Orchestrator - INFO - Initializing mandatory empirical calibration for Gradient Router threshold...
2026-04-10 06:17:30,057 - Orchestrator - INFO - Removing all active stress injections on clnode199.clemson.cloudlab.us...
2026-04-10 06:17:30,057 - Orchestrator - INFO - Removing Network Delay on clnode199.clemson.cloudlab.us...
2026-04-10 06:17:30,973 - Orchestrator - INFO - Cleaning sysbench files on clnode199.clemson.cloudlab.us...
2026-04-10 06:17:32,121 - Orchestrator - INFO - Dynamic Targeting: Identified Heaviest Node clnode215.clemson.cloudlab.us with 7 pods.
2026-04-10 06:17:32,121 - Orchestrator - INFO - === Starting Empirical Calibration on Ingress Node: clnode215.clemson.cloudlab.us (Index: 3) ===
2026-04-10 06:17:32,128 - Orchestrator - INFO - Removing all active stress injections on clnode215.clemson.cloudlab.us...
2026-04-10 06:17:32,129 - Orchestrator - INFO - Removing Network Delay on clnode215.clemson.cloudlab.us...
2026-04-10 06:17:33,270 - Orchestrator - INFO - Cleaning sysbench files on clnode215.clemson.cloudlab.us...
2026-04-10 06:17:34,236 - Orchestrator - INFO - [Baseline] Measuring initial state...
2026-04-10 06:19:07,234 - Orchestrator - INFO - Baseline: Latency=66.56ms, L1=0.00
2026-04-10 06:19:07,235 - Orchestrator - INFO - Removing all active stress injections on clnode215.clemson.cloudlab.us...
2026-04-10 06:19:07,235 - Orchestrator - INFO - Removing Network Delay on clnode215.clemson.cloudlab.us...
2026-04-10 06:19:07,701 - Orchestrator - INFO - Cleaning sysbench files on clnode215.clemson.cloudlab.us...
2026-04-10 06:19:18,635 - Orchestrator - INFO - [CPU] Injecting stress...
2026-04-10 06:19:18,636 - Orchestrator - INFO - Checking & installing anomaly tool dependencies on clnode215.clemson.cloudlab.us...
2026-04-10 06:20:03,321 - Orchestrator - INFO - Injecting Extreme CPU Stress on clnode215.clemson.cloudlab.us for 30s...
2026-04-10 06:21:52,197 - Orchestrator - INFO - Removing all active stress injections on clnode215.clemson.cloudlab.us...
2026-04-10 06:21:52,197 - Orchestrator - INFO - Removing Network Delay on clnode215.clemson.cloudlab.us...
2026-04-10 06:21:52,665 - Orchestrator - INFO - Cleaning sysbench files on clnode215.clemson.cloudlab.us...
2026-04-10 06:22:08,631 - Orchestrator - INFO -   --> CPU: Latency=70.85ms (1.06x), L1=0.00
2026-04-10 06:22:08,631 - Orchestrator - INFO - [Memory] Injecting stress...
2026-04-10 06:22:08,631 - Orchestrator - INFO - Injecting Extreme Memory Stress on clnode215.clemson.cloudlab.us for 30s...
2026-04-10 06:23:57,925 - Orchestrator - INFO - Removing all active stress injections on clnode215.clemson.cloudlab.us...
2026-04-10 06:23:57,926 - Orchestrator - INFO - Removing Network Delay on clnode215.clemson.cloudlab.us...
2026-04-10 06:23:58,400 - Orchestrator - INFO - Cleaning sysbench files on clnode215.clemson.cloudlab.us...
2026-04-10 06:24:14,344 - Orchestrator - INFO -   --> Memory: Latency=69.57ms (1.05x), L1=0.00
2026-04-10 06:24:14,345 - Orchestrator - INFO - [Disk I/O] Injecting stress...
2026-04-10 06:26:50,221 - Orchestrator - INFO - Injecting Aggressive Disk I/O Stress on clnode215.clemson.cloudlab.us for 30s...
2026-04-10 06:28:39,196 - Orchestrator - INFO - Removing all active stress injections on clnode215.clemson.cloudlab.us...
2026-04-10 06:28:39,196 - Orchestrator - INFO - Removing Network Delay on clnode215.clemson.cloudlab.us...
2026-04-10 06:28:39,672 - Orchestrator - INFO - Cleaning sysbench files on clnode215.clemson.cloudlab.us...
2026-04-10 06:28:57,255 - Orchestrator - INFO -   --> Disk I/O: Latency=63.97ms (0.96x), L1=0.00
2026-04-10 06:28:57,256 - Orchestrator - INFO - [Network] Injecting stress...
2026-04-10 06:28:57,256 - Orchestrator - INFO - Injecting 45ms Network Delay on clnode215.clemson.cloudlab.us...
2026-04-10 06:30:47,268 - Orchestrator - INFO - Removing all active stress injections on clnode215.clemson.cloudlab.us...
2026-04-10 06:30:47,269 - Orchestrator - INFO - Removing Network Delay on clnode215.clemson.cloudlab.us...
2026-04-10 06:30:47,719 - Orchestrator - INFO - Cleaning sysbench files on clnode215.clemson.cloudlab.us...
2026-04-10 06:31:03,615 - Orchestrator - INFO -   --> Network: Latency=7360.00ms (110.58x), L1=0.00
2026-04-10 06:31:03,615 - Orchestrator - ERROR - Calibration failed to detect L1 saturations!
2026-04-10 06:31:04,051 - Orchestrator - INFO - === Beginning Phase 3-6 continuous online evaluation for 300s ===
2026-04-10 06:31:06,236 - Orchestrator - INFO - Dynamic Workload Thread: Stressing cluster with 1000 RPS for 30s
2026-04-10 06:31:06,236 - Orchestrator - INFO - Background Loop parked waiting for cluster latency stabilization (<100ms)...
2026-04-10 06:31:06,237 - Orchestrator - INFO - Waiting for tracking metrics stabilization before launching Robustness Injection...
2026-04-10 06:31:11,237 - Orchestrator - INFO - Background Loop parked waiting for cluster latency stabilization (<100ms)...
2026-04-10 06:31:16,237 - Orchestrator - INFO - Background Loop parked waiting for cluster latency stabilization (<100ms)...
2026-04-10 06:31:21,238 - Orchestrator - INFO - Background Loop parked waiting for cluster latency stabilization (<100ms)...
2026-04-10 06:31:26,238 - Orchestrator - INFO - Background Loop parked waiting for cluster latency stabilization (<100ms)...
2026-04-10 06:31:31,239 - Orchestrator - INFO - Background Loop parked waiting for cluster latency stabilization (<100ms)...
2026-04-10 06:31:36,239 - Orchestrator - INFO - Background Loop parked waiting for cluster latency stabilization (<100ms)...
2026-04-10 06:31:41,239 - Orchestrator - INFO - Background Loop parked waiting for cluster latency stabilization (<100ms)...
2026-04-10 06:31:46,240 - Orchestrator - INFO - Background Loop parked waiting for cluster latency stabilization (<100ms)...
2026-04-10 06:31:51,240 - Orchestrator - INFO - Background Loop parked waiting for cluster latency stabilization (<100ms)...
2026-04-10 06:31:56,241 - Orchestrator - INFO - Background Loop parked waiting for cluster latency stabilization (<100ms)...
2026-04-10 06:32:01,241 - Orchestrator - INFO - Background Loop parked waiting for cluster latency stabilization (<100ms)...
2026-04-10 06:32:06,242 - Orchestrator - INFO - Background Loop parked waiting for cluster latency stabilization (<100ms)...
2026-04-10 06:32:11,242 - Orchestrator - INFO - Background Loop parked waiting for cluster latency stabilization (<100ms)...
2026-04-10 06:32:16,243 - Orchestrator - INFO - Background Loop parked waiting for cluster latency stabilization (<100ms)...
2026-04-10 06:32:21,243 - Orchestrator - INFO - Background Loop parked waiting for cluster latency stabilization (<100ms)...
2026-04-10 06:32:26,243 - Orchestrator - INFO - Background Loop parked waiting for cluster latency stabilization (<100ms)...
2026-04-10 06:32:31,244 - Orchestrator - INFO - Background Loop parked waiting for cluster latency stabilization (<100ms)...
2026-04-10 06:32:36,244 - Orchestrator - INFO - Background Loop parked waiting for cluster latency stabilization (<100ms)...
