2026-04-10 05:58:20,265 - Orchestrator - INFO - Loaded cached disk I/O limit for clnode218.clemson.cloudlab.us: 146.0 MB/s
2026-04-10 05:58:20,265 - Orchestrator - INFO - Fetched actual maximum bounds from clnode218.clemson.cloudlab.us: 64 Cores, 376.6 GB RAM, 1250.0 MB/s Net
2026-04-10 05:58:20,265 - Orchestrator - INFO - Preprocessing traces and converting to rates of change...
2026-04-10 05:58:40,411 - Orchestrator - INFO - Pass 1: Computing absolute structural (x - min) / (max - min) global boundaries...
2026-04-10 05:58:50,209 - Orchestrator - WARNING - Feature 'read_bytes' is missing from the dataset. Proceeding without it.
2026-04-10 05:58:50,209 - Orchestrator - WARNING - Feature 'write_bytes' is missing from the dataset. Proceeding without it.
2026-04-10 05:58:50,209 - Orchestrator - WARNING - Feature 'jobs_waiting_count' is missing from the dataset. Proceeding without it.
2026-04-10 05:58:50,209 - Orchestrator - WARNING - Feature 'unique_jobs_waiting' is missing from the dataset. Proceeding without it.
2026-04-10 05:58:50,209 - Orchestrator - WARNING - Feature 'thread_queue_length' is missing from the dataset. Proceeding without it.
2026-04-10 05:58:50,209 - Orchestrator - WARNING - Feature 'active_connections' is missing from the dataset. Proceeding without it.
2026-04-10 05:59:05,927 - Orchestrator - INFO - Successfully processed 33 offline execution samples.
2026-04-10 05:59:08,954 - Orchestrator - INFO - Initialized Dataset with 39131 samples across 33 experiment configurations.
2026-04-10 05:59:08,958 - Orchestrator - INFO - Bypassing training phase. Loading latest pretrained model.
2026-04-10 05:59:08,964 - Orchestrator - INFO - Evaluating node limit constraint vectors (E_N_max)...
2026-04-10 05:59:08,975 - Orchestrator - INFO - Initializing mandatory empirical calibration for Gradient Router threshold...
2026-04-10 05:59:09,096 - Orchestrator - INFO - Removing all active stress injections on clnode199.clemson.cloudlab.us...
2026-04-10 05:59:09,096 - Orchestrator - INFO - Removing Network Delay on clnode199.clemson.cloudlab.us...
2026-04-10 05:59:09,988 - Orchestrator - INFO - Cleaning sysbench files on clnode199.clemson.cloudlab.us...
2026-04-10 05:59:11,416 - Orchestrator - INFO - === Starting Empirical Calibration on Ingress Node: clnode199.clemson.cloudlab.us (Index: 4) ===
2026-04-10 05:59:11,416 - Orchestrator - INFO - Removing all active stress injections on clnode199.clemson.cloudlab.us...
2026-04-10 05:59:11,416 - Orchestrator - INFO - Removing Network Delay on clnode199.clemson.cloudlab.us...
2026-04-10 05:59:11,872 - Orchestrator - INFO - Cleaning sysbench files on clnode199.clemson.cloudlab.us...
2026-04-10 05:59:12,833 - Orchestrator - INFO - [Baseline] Measuring initial state...
2026-04-10 06:00:56,012 - Orchestrator - INFO - Baseline: Latency=39.90ms, L1=0.00
2026-04-10 06:00:56,012 - Orchestrator - INFO - Removing all active stress injections on clnode199.clemson.cloudlab.us...
2026-04-10 06:00:56,012 - Orchestrator - INFO - Removing Network Delay on clnode199.clemson.cloudlab.us...
2026-04-10 06:00:56,451 - Orchestrator - INFO - Cleaning sysbench files on clnode199.clemson.cloudlab.us...
2026-04-10 06:01:07,383 - Orchestrator - INFO - [CPU] Injecting stress...
2026-04-10 06:01:07,383 - Orchestrator - INFO - Checking & installing anomaly tool dependencies on clnode199.clemson.cloudlab.us...
2026-04-10 06:01:25,908 - Orchestrator - INFO - Injecting CPU Stress on clnode199.clemson.cloudlab.us for 60s...
2026-04-10 06:03:24,585 - Orchestrator - INFO - Removing all active stress injections on clnode199.clemson.cloudlab.us...
2026-04-10 06:03:24,586 - Orchestrator - INFO - Removing Network Delay on clnode199.clemson.cloudlab.us...
2026-04-10 06:03:25,041 - Orchestrator - INFO - Cleaning sysbench files on clnode199.clemson.cloudlab.us...
2026-04-10 06:03:35,994 - Orchestrator - INFO -   --> CPU: Latency=41.25ms (1.03x), L1=0.00
2026-04-10 06:03:35,995 - Orchestrator - INFO - [Memory] Injecting stress...
2026-04-10 06:03:35,995 - Orchestrator - INFO - Injecting Memory Stress on clnode199.clemson.cloudlab.us for 60s...
