2026-04-10 01:27:08,319 - Orchestrator - INFO - Loaded cached disk I/O limit for clnode218.clemson.cloudlab.us: 146.0 MB/s
2026-04-10 01:27:08,320 - Orchestrator - INFO - Fetched actual maximum bounds from clnode218.clemson.cloudlab.us: 64 Cores, 376.6 GB RAM, 1250.0 MB/s Net
2026-04-10 01:27:08,320 - Orchestrator - INFO - Preprocessing traces and converting to rates of change...
2026-04-10 01:27:28,474 - Orchestrator - INFO - Pass 1: Computing absolute structural (x - min) / (max - min) global boundaries...
2026-04-10 01:27:38,297 - Orchestrator - WARNING - Feature 'read_bytes' is missing from the dataset. Proceeding without it.
2026-04-10 01:27:38,297 - Orchestrator - WARNING - Feature 'write_bytes' is missing from the dataset. Proceeding without it.
2026-04-10 01:27:38,297 - Orchestrator - WARNING - Feature 'jobs_waiting_count' is missing from the dataset. Proceeding without it.
2026-04-10 01:27:38,298 - Orchestrator - WARNING - Feature 'unique_jobs_waiting' is missing from the dataset. Proceeding without it.
2026-04-10 01:27:38,298 - Orchestrator - WARNING - Feature 'thread_queue_length' is missing from the dataset. Proceeding without it.
2026-04-10 01:27:38,298 - Orchestrator - WARNING - Feature 'active_connections' is missing from the dataset. Proceeding without it.
2026-04-10 01:27:54,265 - Orchestrator - INFO - Successfully processed 33 offline execution samples.
2026-04-10 01:27:57,581 - Orchestrator - INFO - Initialized Dataset with 39131 samples across 33 experiment configurations.
2026-04-10 01:27:57,584 - Orchestrator - INFO - Bypassing training phase. Loading latest pretrained model.
2026-04-10 01:27:57,590 - Orchestrator - INFO - Evaluating node limit constraint vectors (E_N_max)...
2026-04-10 01:27:57,598 - Orchestrator - INFO - === Beginning Phase 3-6 continuous online evaluation for 180s ===
2026-04-10 01:28:01,651 - Orchestrator - INFO - Dynamic Workload Thread: Stressing cluster with 500 RPS for 60s
2026-04-10 01:28:01,660 - Orchestrator - INFO - Background Loop parked waiting for cluster latency stabilization (<100ms)...
2026-04-10 01:28:01,660 - Orchestrator - INFO - Waiting for tracking metrics stabilization before launching Robustness Injection...
2026-04-10 01:28:06,660 - Orchestrator - INFO - Background Loop parked waiting for cluster latency stabilization (<100ms)...
2026-04-10 01:28:11,661 - Orchestrator - INFO - Background Loop parked waiting for cluster latency stabilization (<100ms)...
2026-04-10 01:28:16,661 - Orchestrator - INFO - Background Loop parked waiting for cluster latency stabilization (<100ms)...
2026-04-10 01:28:21,662 - Orchestrator - INFO - Background Loop parked waiting for cluster latency stabilization (<100ms)...
2026-04-10 01:28:26,662 - Orchestrator - INFO - Background Loop parked waiting for cluster latency stabilization (<100ms)...
2026-04-10 01:28:31,663 - Orchestrator - INFO - Background Loop parked waiting for cluster latency stabilization (<100ms)...
2026-04-10 01:28:36,663 - Orchestrator - INFO - Background Loop parked waiting for cluster latency stabilization (<100ms)...
2026-04-10 01:28:41,663 - Orchestrator - INFO - Background Loop parked waiting for cluster latency stabilization (<100ms)...
2026-04-10 01:28:46,664 - Orchestrator - INFO - Background Loop parked waiting for cluster latency stabilization (<100ms)...
2026-04-10 01:28:51,664 - Orchestrator - INFO - Background Loop parked waiting for cluster latency stabilization (<100ms)...
2026-04-10 01:28:56,665 - Orchestrator - INFO - Background Loop parked waiting for cluster latency stabilization (<100ms)...
2026-04-10 01:29:01,665 - Orchestrator - INFO - Background Loop parked waiting for cluster latency stabilization (<100ms)...
2026-04-10 01:29:06,666 - Orchestrator - INFO - Background Loop parked waiting for cluster latency stabilization (<100ms)...
2026-04-10 01:29:11,666 - Orchestrator - INFO - Background Loop parked waiting for cluster latency stabilization (<100ms)...
2026-04-10 01:29:11,678 - Orchestrator - INFO - Global latest_p99_latency naturally updated to: 37.53ms | Container: [37.53]
2026-04-10 01:29:11,678 - Orchestrator - INFO - Dynamic Workload Thread: Stressing cluster with 500 RPS for 60s
2026-04-10 01:29:16,662 - Orchestrator - INFO - Proceeding to Robustness Target Injection Evaluation...
2026-04-10 01:29:16,663 - Orchestrator - INFO - === Starting Robustness Evaluation ===
2026-04-10 01:29:16,663 - Orchestrator - INFO - --- Testing Network Anomaly Target on clnode218.clemson.cloudlab.us ---
2026-04-10 01:29:16,663 - Orchestrator - INFO - Waiting 2 minutes for stabilization...
2026-04-10 01:29:16,667 - Orchestrator - INFO - --- Logical Loop Execution Step: 0 ---
2026-04-10 01:30:21,696 - Orchestrator - INFO - Global latest_p99_latency naturally updated to: 38.01ms | Container: [37.53, 38.01]
2026-04-10 01:30:21,696 - Orchestrator - INFO - Dynamic Workload Thread: Stressing cluster with 500 RPS for 60s
2026-04-10 01:30:28,451 - Orchestrator - INFO - Gradient Router: All nodes healthy. No migration necessary.
2026-04-10 01:30:28,451 - Orchestrator - INFO - --- Logical Loop Execution Step: 1 ---
2026-04-10 01:31:16,663 - Orchestrator - INFO - Baseline P99 Latency Recorded: 38.01ms
2026-04-10 01:31:16,664 - Orchestrator - INFO - Injecting 500ms Network Delay on clnode218.clemson.cloudlab.us cni0 & enp24s0f1np1...
2026-04-10 01:31:17,165 - Orchestrator - INFO - Anomaly injected. Waiting for latency to spike > 2.0x baseline...
2026-04-10 01:31:31,725 - Orchestrator - INFO - Global latest_p99_latency naturally updated to: 38.49ms | Container: [37.53, 38.01, 38.49]
2026-04-10 01:31:37,983 - Orchestrator - INFO - Gradient Router: All nodes healthy. No migration necessary.
2026-04-10 01:34:17,169 - Orchestrator - ERROR - FAIL: Anomaly Network failed to produce sufficient latency spike (>2.0x) after 3 minutes.
2026-04-10 01:34:17,170 - Orchestrator - INFO - Robustness evaluations saved to /users/mkraman/DeathStarBench-LDOS/ldos-app-embeddings/results/evaluations/robustness_20260410_012159.json
2026-04-10 01:34:17,171 - Orchestrator - INFO - Removing all active stress injections on clnode218.clemson.cloudlab.us...
2026-04-10 01:34:17,171 - Orchestrator - INFO - Removing Network Delay on clnode218.clemson.cloudlab.us cni0 & enp24s0f1np1...
2026-04-10 01:34:18,073 - Orchestrator - INFO - Cleaning sysbench files on clnode218.clemson.cloudlab.us...
2026-04-10 01:35:19,009 - Orchestrator - INFO - === Robustness Evaluation Complete ===
2026-04-10 01:35:19,010 - Orchestrator - INFO - === Pipeline Execution Complete ===
2026-04-10 01:35:19,010 - Orchestrator - INFO - Experiment summary configuration persisted successfully to /users/mkraman/DeathStarBench-LDOS/ldos-app-embeddings/results/experiments/run_20260410_012159/summary.json
