2026-04-10 00:45:19,645 - Orchestrator - INFO - Loaded cached disk I/O limit for clnode218.clemson.cloudlab.us: 146.0 MB/s
2026-04-10 00:45:19,645 - Orchestrator - INFO - Fetched actual maximum bounds from clnode218.clemson.cloudlab.us: 64 Cores, 376.6 GB RAM, 1250.0 MB/s Net
2026-04-10 00:45:19,646 - Orchestrator - INFO - Preprocessing traces and converting to rates of change...
2026-04-10 00:45:39,833 - Orchestrator - INFO - Pass 1: Computing absolute structural (x - min) / (max - min) global boundaries...
2026-04-10 00:45:49,621 - Orchestrator - WARNING - Feature 'read_bytes' is missing from the dataset. Proceeding without it.
2026-04-10 00:45:49,621 - Orchestrator - WARNING - Feature 'write_bytes' is missing from the dataset. Proceeding without it.
2026-04-10 00:45:49,622 - Orchestrator - WARNING - Feature 'jobs_waiting_count' is missing from the dataset. Proceeding without it.
2026-04-10 00:45:49,622 - Orchestrator - WARNING - Feature 'unique_jobs_waiting' is missing from the dataset. Proceeding without it.
2026-04-10 00:45:49,622 - Orchestrator - WARNING - Feature 'thread_queue_length' is missing from the dataset. Proceeding without it.
2026-04-10 00:45:49,622 - Orchestrator - WARNING - Feature 'active_connections' is missing from the dataset. Proceeding without it.
2026-04-10 00:46:05,514 - Orchestrator - INFO - Successfully processed 33 offline execution samples.
2026-04-10 00:46:08,365 - Orchestrator - INFO - Initialized Dataset with 39131 samples across 33 experiment configurations.
2026-04-10 00:46:08,369 - Orchestrator - INFO - Bypassing training phase. Loading latest pretrained model.
2026-04-10 00:46:08,376 - Orchestrator - INFO - Evaluating node limit constraint vectors (E_N_max)...
2026-04-10 00:46:08,384 - Orchestrator - INFO - === Beginning Phase 3-6 continuous online evaluation for 180s ===
2026-04-10 00:46:12,393 - Orchestrator - INFO - Dynamic Workload Thread: Stressing cluster with 500 RPS for 60s
2026-04-10 00:46:12,394 - Orchestrator - INFO - Background Loop parked waiting for cluster latency stabilization (<100ms)...
2026-04-10 00:46:12,395 - Orchestrator - INFO - Waiting for tracking metrics stabilization before launching Robustness Injection...
2026-04-10 00:46:17,395 - Orchestrator - INFO - Background Loop parked waiting for cluster latency stabilization (<100ms)...
2026-04-10 00:46:22,395 - Orchestrator - INFO - Background Loop parked waiting for cluster latency stabilization (<100ms)...
2026-04-10 00:46:27,396 - Orchestrator - INFO - Background Loop parked waiting for cluster latency stabilization (<100ms)...
2026-04-10 00:46:32,396 - Orchestrator - INFO - Background Loop parked waiting for cluster latency stabilization (<100ms)...
2026-04-10 00:46:37,397 - Orchestrator - INFO - Background Loop parked waiting for cluster latency stabilization (<100ms)...
2026-04-10 00:46:42,397 - Orchestrator - INFO - Background Loop parked waiting for cluster latency stabilization (<100ms)...
2026-04-10 00:46:47,398 - Orchestrator - INFO - Background Loop parked waiting for cluster latency stabilization (<100ms)...
2026-04-10 00:46:52,398 - Orchestrator - INFO - Background Loop parked waiting for cluster latency stabilization (<100ms)...
2026-04-10 00:46:57,399 - Orchestrator - INFO - Background Loop parked waiting for cluster latency stabilization (<100ms)...
2026-04-10 00:47:02,399 - Orchestrator - INFO - Background Loop parked waiting for cluster latency stabilization (<100ms)...
2026-04-10 00:47:07,400 - Orchestrator - INFO - Background Loop parked waiting for cluster latency stabilization (<100ms)...
2026-04-10 00:47:12,400 - Orchestrator - INFO - Background Loop parked waiting for cluster latency stabilization (<100ms)...
2026-04-10 00:47:17,400 - Orchestrator - INFO - Background Loop parked waiting for cluster latency stabilization (<100ms)...
2026-04-10 00:47:22,401 - Orchestrator - INFO - Background Loop parked waiting for cluster latency stabilization (<100ms)...
2026-04-10 00:47:22,415 - Orchestrator - INFO - Global latest_p99_latency naturally updated to: 29.79ms | Container: [29.79]
2026-04-10 00:47:22,415 - Orchestrator - INFO - Dynamic Workload Thread: Stressing cluster with 500 RPS for 60s
2026-04-10 00:47:27,397 - Orchestrator - INFO - Proceeding to Robustness Target Injection Evaluation...
2026-04-10 00:47:27,397 - Orchestrator - INFO - === Starting Robustness Evaluation ===
2026-04-10 00:47:27,398 - Orchestrator - INFO - --- Testing CPU Anomaly Target on clnode218.clemson.cloudlab.us ---
2026-04-10 00:47:27,398 - Orchestrator - INFO - Waiting 2 minutes for stabilization...
2026-04-10 00:47:27,401 - Orchestrator - INFO - --- Logical Loop Execution Step: 0 ---
2026-04-10 00:48:32,438 - Orchestrator - INFO - Global latest_p99_latency naturally updated to: 30.11ms | Container: [29.79, 30.11]
2026-04-10 00:48:32,438 - Orchestrator - INFO - Dynamic Workload Thread: Stressing cluster with 500 RPS for 60s
2026-04-10 00:48:38,838 - Orchestrator - WARNING - Gradient Router: Node 0 is overloaded! (Violation L1: 0.16)
2026-04-10 00:48:38,839 - Orchestrator - INFO - Trying to move the heaviest service 'media-frontend'. Baseline Physical P99 = 30.11ms
2026-04-10 00:48:38,839 - Orchestrator - INFO - Testing Evacuation of media-frontend to healthy Node 1
2026-04-10 00:48:38,839 - Orchestrator - INFO - -> TRAFFIC SHIFT: Migrating 1% of media-frontend to Node 1 via Istio Mesh.
2026-04-10 00:48:39,077 - Orchestrator - INFO - Setting up Istio VirtualService & DestinationRule for media-frontend: 99% node1.app-embeddings.ldos-ut-pg0.clemson.cloudlab.us, 1% node2.app-embeddings.ldos-ut-pg0.clemson.cloudlab.us
2026-04-10 00:49:27,398 - Orchestrator - INFO - Baseline P99 Latency Recorded: 30.11ms
2026-04-10 00:49:27,399 - Orchestrator - INFO - Checking & installing anomaly tool dependencies on clnode218.clemson.cloudlab.us...
2026-04-10 00:49:40,905 - Orchestrator - INFO - Evacuation empirical gradient: 0.00
2026-04-10 00:49:40,905 - Orchestrator - INFO - <- REVERT: Returning media-frontend to Origin Node.
2026-04-10 00:49:40,905 - Orchestrator - INFO - Tearing down Istio overlay for media-frontend
2026-04-10 00:49:41,446 - Orchestrator - INFO - Testing Evacuation of media-frontend to healthy Node 2
2026-04-10 00:49:41,446 - Orchestrator - INFO - -> TRAFFIC SHIFT: Migrating 1% of media-frontend to Node 2 via Istio Mesh.
2026-04-10 00:49:41,748 - Orchestrator - INFO - Setting up Istio VirtualService & DestinationRule for media-frontend: 99% node1.app-embeddings.ldos-ut-pg0.clemson.cloudlab.us, 1% node3.app-embeddings.ldos-ut-pg0.clemson.cloudlab.us
2026-04-10 00:49:42,459 - Orchestrator - INFO - Global latest_p99_latency naturally updated to: 32.19ms | Container: [29.79, 30.11, 32.19]
2026-04-10 00:49:45,730 - Orchestrator - INFO - Injecting CPU Stress on clnode218.clemson.cloudlab.us for 120s...
2026-04-10 00:49:45,732 - Orchestrator - INFO - Anomaly injected. Waiting for latency to spike > 2.0x baseline...
2026-04-10 00:50:43,450 - Orchestrator - INFO - Evacuation empirical gradient: 208.00
2026-04-10 00:50:43,451 - Orchestrator - INFO - <- REVERT: Returning media-frontend to Origin Node.
2026-04-10 00:50:43,451 - Orchestrator - INFO - Tearing down Istio overlay for media-frontend
2026-04-10 00:50:43,922 - Orchestrator - INFO - Testing Evacuation of media-frontend to healthy Node 3
2026-04-10 00:50:43,922 - Orchestrator - INFO - -> TRAFFIC SHIFT: Migrating 1% of media-frontend to Node 3 via Istio Mesh.
2026-04-10 00:50:44,197 - Orchestrator - INFO - Setting up Istio VirtualService & DestinationRule for media-frontend: 99% node1.app-embeddings.ldos-ut-pg0.clemson.cloudlab.us, 1% node4.app-embeddings.ldos-ut-pg0.clemson.cloudlab.us
2026-04-10 00:51:45,938 - Orchestrator - INFO - Evacuation empirical gradient: 208.00
2026-04-10 00:51:45,938 - Orchestrator - INFO - <- REVERT: Returning media-frontend to Origin Node.
2026-04-10 00:51:45,939 - Orchestrator - INFO - Tearing down Istio overlay for media-frontend
2026-04-10 00:51:46,459 - Orchestrator - INFO - Testing Evacuation of media-frontend to healthy Node 4
2026-04-10 00:51:46,459 - Orchestrator - INFO - -> TRAFFIC SHIFT: Migrating 1% of media-frontend to Node 4 via Istio Mesh.
2026-04-10 00:51:46,744 - Orchestrator - INFO - Setting up Istio VirtualService & DestinationRule for media-frontend: 99% node1.app-embeddings.ldos-ut-pg0.clemson.cloudlab.us, 1% node5.app-embeddings.ldos-ut-pg0.clemson.cloudlab.us
2026-04-10 00:52:48,337 - Orchestrator - INFO - Evacuation empirical gradient: 208.00
2026-04-10 00:52:48,337 - Orchestrator - INFO - <- REVERT: Returning media-frontend to Origin Node.
2026-04-10 00:52:48,337 - Orchestrator - INFO - Tearing down Istio overlay for media-frontend
2026-04-10 00:52:48,827 - Orchestrator - INFO - Trying to move the heaviest service 'compose-post-service'. Baseline Physical P99 = 30.11ms
2026-04-10 00:52:48,827 - Orchestrator - INFO - Testing Evacuation of compose-post-service to healthy Node 1
2026-04-10 00:52:48,828 - Orchestrator - INFO - -> TRAFFIC SHIFT: Migrating 1% of compose-post-service to Node 1 via Istio Mesh.
2026-04-10 00:52:49,092 - Orchestrator - INFO - Setting up Istio VirtualService & DestinationRule for compose-post-service: 99% node1.app-embeddings.ldos-ut-pg0.clemson.cloudlab.us, 1% node2.app-embeddings.ldos-ut-pg0.clemson.cloudlab.us
