2026-04-10 05:48:59,697 - Orchestrator - INFO - Loaded cached disk I/O limit for clnode218.clemson.cloudlab.us: 146.0 MB/s
2026-04-10 05:48:59,698 - Orchestrator - INFO - Fetched actual maximum bounds from clnode218.clemson.cloudlab.us: 64 Cores, 376.6 GB RAM, 1250.0 MB/s Net
2026-04-10 05:48:59,698 - Orchestrator - INFO - Preprocessing traces and converting to rates of change...
2026-04-10 05:49:19,736 - Orchestrator - INFO - Pass 1: Computing absolute structural (x - min) / (max - min) global boundaries...
2026-04-10 05:49:29,535 - Orchestrator - WARNING - Feature 'read_bytes' is missing from the dataset. Proceeding without it.
2026-04-10 05:49:29,535 - Orchestrator - WARNING - Feature 'write_bytes' is missing from the dataset. Proceeding without it.
2026-04-10 05:49:29,535 - Orchestrator - WARNING - Feature 'jobs_waiting_count' is missing from the dataset. Proceeding without it.
2026-04-10 05:49:29,535 - Orchestrator - WARNING - Feature 'unique_jobs_waiting' is missing from the dataset. Proceeding without it.
2026-04-10 05:49:29,535 - Orchestrator - WARNING - Feature 'thread_queue_length' is missing from the dataset. Proceeding without it.
2026-04-10 05:49:29,535 - Orchestrator - WARNING - Feature 'active_connections' is missing from the dataset. Proceeding without it.
2026-04-10 05:49:45,348 - Orchestrator - INFO - Successfully processed 33 offline execution samples.
2026-04-10 05:49:48,282 - Orchestrator - INFO - Initialized Dataset with 39131 samples across 33 experiment configurations.
2026-04-10 05:49:48,287 - Orchestrator - INFO - Bypassing training phase. Loading latest pretrained model.
2026-04-10 05:49:48,293 - Orchestrator - INFO - Evaluating node limit constraint vectors (E_N_max)...
2026-04-10 05:49:48,302 - Orchestrator - INFO - Initializing mandatory empirical calibration for Gradient Router threshold...
2026-04-10 05:49:48,463 - Orchestrator - INFO - Removing all active stress injections on clnode199.clemson.cloudlab.us...
2026-04-10 05:49:48,463 - Orchestrator - INFO - Removing Network Delay on clnode199.clemson.cloudlab.us...
2026-04-10 05:49:49,376 - Orchestrator - INFO - Cleaning sysbench files on clnode199.clemson.cloudlab.us...
2026-04-10 05:49:50,550 - Orchestrator - INFO - === Starting Empirical Calibration on Ingress Node: clnode199.clemson.cloudlab.us (Index: 4) ===
2026-04-10 05:49:50,550 - Orchestrator - INFO - Removing all active stress injections on clnode199.clemson.cloudlab.us...
2026-04-10 05:49:50,550 - Orchestrator - INFO - Removing Network Delay on clnode199.clemson.cloudlab.us...
2026-04-10 05:49:50,992 - Orchestrator - INFO - Cleaning sysbench files on clnode199.clemson.cloudlab.us...
2026-04-10 05:49:51,956 - Orchestrator - INFO - [Baseline] Measuring initial state...
2026-04-10 05:51:35,374 - Orchestrator - INFO - Baseline: Latency=40.48ms, L1=0.00
2026-04-10 05:51:35,375 - Orchestrator - INFO - Removing all active stress injections on clnode199.clemson.cloudlab.us...
2026-04-10 05:51:35,375 - Orchestrator - INFO - Removing Network Delay on clnode199.clemson.cloudlab.us...
2026-04-10 05:51:35,846 - Orchestrator - INFO - Cleaning sysbench files on clnode199.clemson.cloudlab.us...
2026-04-10 05:51:46,808 - Orchestrator - INFO - [CPU] Injecting stress...
2026-04-10 05:51:46,808 - Orchestrator - INFO - Checking & installing anomaly tool dependencies on clnode199.clemson.cloudlab.us...
2026-04-10 05:53:19,379 - Orchestrator - INFO - Injecting CPU Stress on clnode199.clemson.cloudlab.us for 60s...
2026-04-10 05:55:17,846 - Orchestrator - INFO - Removing all active stress injections on clnode199.clemson.cloudlab.us...
2026-04-10 05:55:17,847 - Orchestrator - INFO - Removing Network Delay on clnode199.clemson.cloudlab.us...
2026-04-10 05:55:18,300 - Orchestrator - INFO - Cleaning sysbench files on clnode199.clemson.cloudlab.us...
2026-04-10 05:55:29,255 - Orchestrator - INFO -   --> CPU: Latency=43.01ms (1.06x), L1=0.00
2026-04-10 05:55:29,255 - Orchestrator - INFO - [Memory] Injecting stress...
2026-04-10 05:55:29,255 - Orchestrator - INFO - Injecting Memory Stress on clnode199.clemson.cloudlab.us for 60s...
2026-04-10 05:57:28,552 - Orchestrator - INFO - Removing all active stress injections on clnode199.clemson.cloudlab.us...
2026-04-10 05:57:28,552 - Orchestrator - INFO - Removing Network Delay on clnode199.clemson.cloudlab.us...
2026-04-10 05:57:29,007 - Orchestrator - INFO - Cleaning sysbench files on clnode199.clemson.cloudlab.us...
2026-04-10 05:57:39,945 - Orchestrator - INFO -   --> Memory: Latency=41.82ms (1.03x), L1=0.00
2026-04-10 05:57:39,946 - Orchestrator - INFO - [Disk I/O] Injecting stress...
