2026-04-10 05:47:29,075 - Orchestrator - INFO - Loaded cached disk I/O limit for clnode218.clemson.cloudlab.us: 146.0 MB/s
2026-04-10 05:47:29,076 - Orchestrator - INFO - Fetched actual maximum bounds from clnode218.clemson.cloudlab.us: 64 Cores, 376.6 GB RAM, 1250.0 MB/s Net
2026-04-10 05:47:29,076 - Orchestrator - INFO - Preprocessing traces and converting to rates of change...
2026-04-10 05:47:49,158 - Orchestrator - INFO - Pass 1: Computing absolute structural (x - min) / (max - min) global boundaries...
2026-04-10 05:47:58,953 - Orchestrator - WARNING - Feature 'read_bytes' is missing from the dataset. Proceeding without it.
2026-04-10 05:47:58,953 - Orchestrator - WARNING - Feature 'write_bytes' is missing from the dataset. Proceeding without it.
2026-04-10 05:47:58,953 - Orchestrator - WARNING - Feature 'jobs_waiting_count' is missing from the dataset. Proceeding without it.
2026-04-10 05:47:58,953 - Orchestrator - WARNING - Feature 'unique_jobs_waiting' is missing from the dataset. Proceeding without it.
2026-04-10 05:47:58,953 - Orchestrator - WARNING - Feature 'thread_queue_length' is missing from the dataset. Proceeding without it.
2026-04-10 05:47:58,953 - Orchestrator - WARNING - Feature 'active_connections' is missing from the dataset. Proceeding without it.
2026-04-10 05:48:14,641 - Orchestrator - INFO - Successfully processed 33 offline execution samples.
2026-04-10 05:48:17,888 - Orchestrator - INFO - Initialized Dataset with 39131 samples across 33 experiment configurations.
2026-04-10 05:48:17,891 - Orchestrator - INFO - Bypassing training phase. Loading latest pretrained model.
2026-04-10 05:48:17,896 - Orchestrator - INFO - Evaluating node limit constraint vectors (E_N_max)...
2026-04-10 05:48:17,905 - Orchestrator - INFO - Initializing mandatory empirical calibration for Gradient Router threshold...
2026-04-10 05:48:18,028 - Orchestrator - INFO - Removing all active stress injections on clnode4.app-embeddings.ldos-ut-pg0.clemson.cloudlab.us.clemson.cloudlab.us...
2026-04-10 05:48:18,029 - Orchestrator - INFO - Removing Network Delay on clnode4.app-embeddings.ldos-ut-pg0.clemson.cloudlab.us.clemson.cloudlab.us...
2026-04-10 05:48:18,042 - Orchestrator - INFO - Cleaning sysbench files on clnode4.app-embeddings.ldos-ut-pg0.clemson.cloudlab.us.clemson.cloudlab.us...
2026-04-10 05:48:18,171 - Orchestrator - INFO - === Starting Empirical Calibration on Ingress Node: clnode4.app-embeddings.ldos-ut-pg0.clemson.cloudlab.us.clemson.cloudlab.us (Index: -1) ===
2026-04-10 05:48:18,172 - Orchestrator - INFO - Removing all active stress injections on clnode4.app-embeddings.ldos-ut-pg0.clemson.cloudlab.us.clemson.cloudlab.us...
2026-04-10 05:48:18,172 - Orchestrator - INFO - Removing Network Delay on clnode4.app-embeddings.ldos-ut-pg0.clemson.cloudlab.us.clemson.cloudlab.us...
2026-04-10 05:48:18,186 - Orchestrator - INFO - Cleaning sysbench files on clnode4.app-embeddings.ldos-ut-pg0.clemson.cloudlab.us.clemson.cloudlab.us...
2026-04-10 05:48:18,212 - Orchestrator - INFO - [Baseline] Measuring initial state...
