2026-04-10 00:41:51,316 - Orchestrator - INFO - Loaded cached disk I/O limit for clnode218.clemson.cloudlab.us: 146.0 MB/s
2026-04-10 00:41:51,316 - Orchestrator - INFO - Fetched actual maximum bounds from clnode218.clemson.cloudlab.us: 64 Cores, 376.6 GB RAM, 1250.0 MB/s Net
2026-04-10 00:41:51,317 - Orchestrator - INFO - Preprocessing traces and converting to rates of change...
2026-04-10 00:42:11,418 - Orchestrator - INFO - Pass 1: Computing absolute structural (x - min) / (max - min) global boundaries...
2026-04-10 00:42:21,286 - Orchestrator - WARNING - Feature 'read_bytes' is missing from the dataset. Proceeding without it.
2026-04-10 00:42:21,286 - Orchestrator - WARNING - Feature 'write_bytes' is missing from the dataset. Proceeding without it.
2026-04-10 00:42:21,286 - Orchestrator - WARNING - Feature 'jobs_waiting_count' is missing from the dataset. Proceeding without it.
2026-04-10 00:42:21,286 - Orchestrator - WARNING - Feature 'unique_jobs_waiting' is missing from the dataset. Proceeding without it.
2026-04-10 00:42:21,286 - Orchestrator - WARNING - Feature 'thread_queue_length' is missing from the dataset. Proceeding without it.
2026-04-10 00:42:21,286 - Orchestrator - WARNING - Feature 'active_connections' is missing from the dataset. Proceeding without it.
2026-04-10 00:42:37,457 - Orchestrator - INFO - Successfully processed 33 offline execution samples.
2026-04-10 00:42:40,836 - Orchestrator - INFO - Initialized Dataset with 39131 samples across 33 experiment configurations.
2026-04-10 00:42:40,839 - Orchestrator - INFO - Bypassing training phase. Loading latest pretrained model.
2026-04-10 00:42:40,844 - Orchestrator - INFO - Evaluating node limit constraint vectors (E_N_max)...
2026-04-10 00:42:40,853 - Orchestrator - INFO - === Beginning Phase 3-6 continuous online evaluation for 180s ===
2026-04-10 00:42:45,465 - Orchestrator - INFO - Dynamic Workload Thread: Stressing cluster with 500 RPS for 60s
2026-04-10 00:42:45,465 - Orchestrator - INFO - Background Loop parked waiting for cluster latency stabilization (<100ms)...
2026-04-10 00:42:45,466 - Orchestrator - INFO - Waiting for tracking metrics stabilization before launching Robustness Injection...
2026-04-10 00:42:50,466 - Orchestrator - INFO - Background Loop parked waiting for cluster latency stabilization (<100ms)...
2026-04-10 00:42:55,466 - Orchestrator - INFO - Background Loop parked waiting for cluster latency stabilization (<100ms)...
2026-04-10 00:43:00,467 - Orchestrator - INFO - Background Loop parked waiting for cluster latency stabilization (<100ms)...
2026-04-10 00:43:05,467 - Orchestrator - INFO - Background Loop parked waiting for cluster latency stabilization (<100ms)...
2026-04-10 00:43:10,468 - Orchestrator - INFO - Background Loop parked waiting for cluster latency stabilization (<100ms)...
2026-04-10 00:43:15,468 - Orchestrator - INFO - Background Loop parked waiting for cluster latency stabilization (<100ms)...
2026-04-10 00:43:20,468 - Orchestrator - INFO - Background Loop parked waiting for cluster latency stabilization (<100ms)...
2026-04-10 00:43:25,469 - Orchestrator - INFO - Background Loop parked waiting for cluster latency stabilization (<100ms)...
2026-04-10 00:43:30,469 - Orchestrator - INFO - Background Loop parked waiting for cluster latency stabilization (<100ms)...
2026-04-10 00:43:35,470 - Orchestrator - INFO - Background Loop parked waiting for cluster latency stabilization (<100ms)...
2026-04-10 00:43:40,470 - Orchestrator - INFO - Background Loop parked waiting for cluster latency stabilization (<100ms)...
2026-04-10 00:43:45,471 - Orchestrator - INFO - Background Loop parked waiting for cluster latency stabilization (<100ms)...
2026-04-10 00:43:50,471 - Orchestrator - INFO - Background Loop parked waiting for cluster latency stabilization (<100ms)...
2026-04-10 00:43:55,472 - Orchestrator - INFO - Background Loop parked waiting for cluster latency stabilization (<100ms)...
2026-04-10 00:43:55,486 - Orchestrator - INFO - Global latest_p99_latency naturally updated to: 29.38ms | Container: [29.38]
2026-04-10 00:43:55,486 - Orchestrator - INFO - Dynamic Workload Thread: Stressing cluster with 500 RPS for 60s
2026-04-10 00:44:00,467 - Orchestrator - INFO - Proceeding to Robustness Target Injection Evaluation...
2026-04-10 00:44:00,468 - Orchestrator - INFO - === Starting Robustness Evaluation ===
2026-04-10 00:44:00,468 - Orchestrator - INFO - --- Testing CPU Anomaly Target on clnode218.clemson.cloudlab.us ---
2026-04-10 00:44:00,468 - Orchestrator - INFO - Waiting 2 minutes for stabilization...
2026-04-10 00:44:00,472 - Orchestrator - INFO - --- Logical Loop Execution Step: 0 ---
